---
source: tests/layout_snapshots.rs
expression: "styled(\"math\", & Caps :: full(), & WIDTHS)"
---
━━ width 24 ━━━━━━━━━━━━
  Inline: ⟦fg=#94e2d5 italic⟧e⟦/⟧⟦fg=#94e2d5 dim⟧^(⟦/⟧⟦fg=#94e2d5 italic⟧iπ⟦/⟧⟦fg=#94e2d5 dim⟧)⟦/⟧⟦fg=#94e2d5⟧ + 1 =⟦/⟧
  ⟦fg=#94e2d5⟧0⟦/⟧, ⟦fg=#94e2d5 italic⟧α⟦/⟧⟦fg=#94e2d5⟧² + ⟦/⟧⟦fg=#94e2d5 italic⟧β⟦/⟧⟦fg=#94e2d5⟧²⟦/⟧, and ⟦fg=#94e2d5 italic⟧a⟦/⟧⟦fg=#94e2d5⟧/⟦/⟧⟦fg=#94e2d5 italic⟧b⟦/⟧.

  Dollars stay prose:
  it costs $5 and $10,
  or $5-$10.

  LaTeX delimiters:
  ⟦fg=#94e2d5 italic⟧x⟦/⟧⟦fg=#94e2d5⟧² + ⟦/⟧⟦fg=#94e2d5 italic⟧y⟦/⟧⟦fg=#94e2d5⟧² = ⟦/⟧⟦fg=#94e2d5 italic⟧z⟦/⟧⟦fg=#94e2d5⟧²⟦/⟧ inline.

    ⟦fg=#94e2d5⟧ ⟦/⟧⟦fg=#94e2d5 italic⟧n⟦/⟧
    ⟦fg=#94e2d5⟧ ∑  ⟦/⟧⟦fg=#94e2d5 italic⟧i⟦/⟧⟦fg=#94e2d5⟧²⟦/⟧
    ⟦fg=#94e2d5 italic⟧i⟦/⟧⟦fg=#94e2d5⟧=1⟦/⟧

    ⟦fg=#94e2d5⟧    ⟦/⟧⟦fg=#94e2d5 italic⟧n⟦/⟧⟦fg=#94e2d5⟧(⟦/⟧⟦fg=#94e2d5 italic⟧n⟦/⟧⟦fg=#94e2d5⟧+1)(2⟦/⟧⟦fg=#94e2d5 italic⟧n⟦/⟧⟦fg=#94e2d5⟧+1)⟦/⟧
    ⟦fg=#94e2d5⟧  = ────────────⟦/⟧
    ⟦fg=#94e2d5⟧         6⟦/⟧

       ⟦fg=#94e2d5 italic⟧A⟦/⟧⟦fg=#94e2d5⟧ = ⎛⟦/⟧⟦fg=#94e2d5 italic⟧a⟦/⟧⟦fg=#94e2d5⟧  ⟦/⟧⟦fg=#94e2d5 italic⟧b⟦/⟧⟦fg=#94e2d5⟧⎞⟦/⟧
       ⟦fg=#94e2d5⟧    ⎝⟦/⟧⟦fg=#94e2d5 italic⟧c⟦/⟧⟦fg=#94e2d5⟧  ⟦/⟧⟦fg=#94e2d5 italic⟧d⟦/⟧⟦fg=#94e2d5⟧⎠⟦/⟧

   ⟦fg=#94e2d5 italic⟧f⟦/⟧⟦fg=#94e2d5⟧(⟦/⟧⟦fg=#94e2d5 italic⟧x⟦/⟧⟦fg=#94e2d5⟧)⟦/⟧

   ⟦fg=#94e2d5⟧    ⎧ 1  ⟦/⟧⟦fg=#94e2d5 italic⟧x⟦/⟧⟦fg=#94e2d5⟧ > 0⟦/⟧
   ⟦fg=#94e2d5⟧  = ⎨⟦/⟧
   ⟦fg=#94e2d5⟧    ⎩ 0  ⟦/⟧otherwise

  GitHub style:
  ⟦fg=#94e2d5⟧√(⟦/⟧⟦fg=#94e2d5 italic⟧x⟦/⟧⟦fg=#94e2d5⟧²+1)⟦/⟧.

  A long inline
  formula ⟦fg=#94e2d5 italic⟧a⟦/⟧⟦fg=#94e2d5⟧₁ + ⟦/⟧⟦fg=#94e2d5 italic⟧a⟦/⟧⟦fg=#94e2d5⟧₂ +⟦/⟧
  ⟦fg=#94e2d5 italic⟧a⟦/⟧⟦fg=#94e2d5⟧₃ + ⟦/⟧⟦fg=#94e2d5 italic⟧a⟦/⟧⟦fg=#94e2d5⟧₄ + ⟦/⟧⟦fg=#94e2d5 italic⟧a⟦/⟧⟦fg=#94e2d5⟧₅ + ⟦/⟧⟦fg=#94e2d5 italic⟧a⟦/⟧⟦fg=#94e2d5⟧₆ +⟦/⟧
  ⟦fg=#94e2d5 italic⟧a⟦/⟧⟦fg=#94e2d5⟧₇ + ⟦/⟧⟦fg=#94e2d5 italic⟧a⟦/⟧⟦fg=#94e2d5⟧₈ + ⟦/⟧⟦fg=#94e2d5 italic⟧a⟦/⟧⟦fg=#94e2d5⟧₉ + ⟦/⟧⟦fg=#94e2d5 italic⟧a⟦/⟧⟦fg=#94e2d5⟧₁₀⟦/⟧
  wraps at operators.

  Broken TeX: $
  \frac{a$ and a
  broken display:

  ⟦fg=#f38ba8 ul=curly ulc=#f38ba8⟧\begin{matrix} a & b⟦/⟧
━━ width 40 ━━━━━━━━━━━━━━━━━━━━━━━━━━━━
  Inline: ⟦fg=#94e2d5 italic⟧e⟦/⟧⟦fg=#94e2d5 dim⟧^(⟦/⟧⟦fg=#94e2d5 italic⟧iπ⟦/⟧⟦fg=#94e2d5 dim⟧)⟦/⟧⟦fg=#94e2d5⟧ + 1 = 0⟦/⟧, ⟦fg=#94e2d5 italic⟧α⟦/⟧⟦fg=#94e2d5⟧² + ⟦/⟧⟦fg=#94e2d5 italic⟧β⟦/⟧⟦fg=#94e2d5⟧²⟦/⟧, and
  ⟦fg=#94e2d5 italic⟧a⟦/⟧⟦fg=#94e2d5⟧/⟦/⟧⟦fg=#94e2d5 italic⟧b⟦/⟧.

  Dollars stay prose: it costs $5 and
  $10, or $5-$10.

  LaTeX delimiters: ⟦fg=#94e2d5 italic⟧x⟦/⟧⟦fg=#94e2d5⟧² + ⟦/⟧⟦fg=#94e2d5 italic⟧y⟦/⟧⟦fg=#94e2d5⟧² = ⟦/⟧⟦fg=#94e2d5 italic⟧z⟦/⟧⟦fg=#94e2d5⟧²⟦/⟧
  inline.

         ⟦fg=#94e2d5⟧ ⟦/⟧⟦fg=#94e2d5 italic⟧n⟦/⟧⟦fg=#94e2d5⟧       ⟦/⟧⟦fg=#94e2d5 italic⟧n⟦/⟧⟦fg=#94e2d5⟧(⟦/⟧⟦fg=#94e2d5 italic⟧n⟦/⟧⟦fg=#94e2d5⟧+1)(2⟦/⟧⟦fg=#94e2d5 italic⟧n⟦/⟧⟦fg=#94e2d5⟧+1)⟦/⟧
         ⟦fg=#94e2d5⟧ ∑  ⟦/⟧⟦fg=#94e2d5 italic⟧i⟦/⟧⟦fg=#94e2d5⟧² = ────────────⟦/⟧
         ⟦fg=#94e2d5 italic⟧i⟦/⟧⟦fg=#94e2d5⟧=1           6⟦/⟧

               ⟦fg=#94e2d5 italic⟧A⟦/⟧⟦fg=#94e2d5⟧ = ⎛⟦/⟧⟦fg=#94e2d5 italic⟧a⟦/⟧⟦fg=#94e2d5⟧  ⟦/⟧⟦fg=#94e2d5 italic⟧b⟦/⟧⟦fg=#94e2d5⟧⎞⟦/⟧
               ⟦fg=#94e2d5⟧    ⎝⟦/⟧⟦fg=#94e2d5 italic⟧c⟦/⟧⟦fg=#94e2d5⟧  ⟦/⟧⟦fg=#94e2d5 italic⟧d⟦/⟧⟦fg=#94e2d5⟧⎠⟦/⟧

         ⟦fg=#94e2d5⟧       ⎧ 1  ⟦/⟧⟦fg=#94e2d5 italic⟧x⟦/⟧⟦fg=#94e2d5⟧ > 0⟦/⟧
         ⟦fg=#94e2d5 italic⟧f⟦/⟧⟦fg=#94e2d5⟧(⟦/⟧⟦fg=#94e2d5 italic⟧x⟦/⟧⟦fg=#94e2d5⟧) = ⎨⟦/⟧
         ⟦fg=#94e2d5⟧       ⎩ 0  ⟦/⟧otherwise

  GitHub style: ⟦fg=#94e2d5⟧√(⟦/⟧⟦fg=#94e2d5 italic⟧x⟦/⟧⟦fg=#94e2d5⟧²+1)⟦/⟧.

  A long inline formula ⟦fg=#94e2d5 italic⟧a⟦/⟧⟦fg=#94e2d5⟧₁ + ⟦/⟧⟦fg=#94e2d5 italic⟧a⟦/⟧⟦fg=#94e2d5⟧₂ + ⟦/⟧⟦fg=#94e2d5 italic⟧a⟦/⟧⟦fg=#94e2d5⟧₃ +⟦/⟧
  ⟦fg=#94e2d5 italic⟧a⟦/⟧⟦fg=#94e2d5⟧₄ + ⟦/⟧⟦fg=#94e2d5 italic⟧a⟦/⟧⟦fg=#94e2d5⟧₅ + ⟦/⟧⟦fg=#94e2d5 italic⟧a⟦/⟧⟦fg=#94e2d5⟧₆ + ⟦/⟧⟦fg=#94e2d5 italic⟧a⟦/⟧⟦fg=#94e2d5⟧₇ + ⟦/⟧⟦fg=#94e2d5 italic⟧a⟦/⟧⟦fg=#94e2d5⟧₈ + ⟦/⟧⟦fg=#94e2d5 italic⟧a⟦/⟧⟦fg=#94e2d5⟧₉ + ⟦/⟧⟦fg=#94e2d5 italic⟧a⟦/⟧⟦fg=#94e2d5⟧₁₀⟦/⟧
  wraps at operators.

  Broken TeX: $\frac{a$ and a broken
  display:

          ⟦fg=#f38ba8 ul=curly ulc=#f38ba8⟧\begin{matrix} a & b⟦/⟧
━━ width 80 ━━━━━━━━━━━━━━━━━━━━━━━━━━━━━━━━━━━━━━━━━━━━━━━━━━━━━━━━━━━━━━━━━━━━
  Inline: ⟦fg=#94e2d5 italic⟧e⟦/⟧⟦fg=#94e2d5 dim⟧^(⟦/⟧⟦fg=#94e2d5 italic⟧iπ⟦/⟧⟦fg=#94e2d5 dim⟧)⟦/⟧⟦fg=#94e2d5⟧ + 1 = 0⟦/⟧, ⟦fg=#94e2d5 italic⟧α⟦/⟧⟦fg=#94e2d5⟧² + ⟦/⟧⟦fg=#94e2d5 italic⟧β⟦/⟧⟦fg=#94e2d5⟧²⟦/⟧, and ⟦fg=#94e2d5 italic⟧a⟦/⟧⟦fg=#94e2d5⟧/⟦/⟧⟦fg=#94e2d5 italic⟧b⟦/⟧.

  Dollars stay prose: it costs $5 and $10, or $5-$10.

  LaTeX delimiters: ⟦fg=#94e2d5 italic⟧x⟦/⟧⟦fg=#94e2d5⟧² + ⟦/⟧⟦fg=#94e2d5 italic⟧y⟦/⟧⟦fg=#94e2d5⟧² = ⟦/⟧⟦fg=#94e2d5 italic⟧z⟦/⟧⟦fg=#94e2d5⟧²⟦/⟧ inline.

                             ⟦fg=#94e2d5⟧ ⟦/⟧⟦fg=#94e2d5 italic⟧n⟦/⟧⟦fg=#94e2d5⟧       ⟦/⟧⟦fg=#94e2d5 italic⟧n⟦/⟧⟦fg=#94e2d5⟧(⟦/⟧⟦fg=#94e2d5 italic⟧n⟦/⟧⟦fg=#94e2d5⟧+1)(2⟦/⟧⟦fg=#94e2d5 italic⟧n⟦/⟧⟦fg=#94e2d5⟧+1)⟦/⟧
                             ⟦fg=#94e2d5⟧ ∑  ⟦/⟧⟦fg=#94e2d5 italic⟧i⟦/⟧⟦fg=#94e2d5⟧² = ────────────⟦/⟧
                             ⟦fg=#94e2d5 italic⟧i⟦/⟧⟦fg=#94e2d5⟧=1           6⟦/⟧

                                   ⟦fg=#94e2d5 italic⟧A⟦/⟧⟦fg=#94e2d5⟧ = ⎛⟦/⟧⟦fg=#94e2d5 italic⟧a⟦/⟧⟦fg=#94e2d5⟧  ⟦/⟧⟦fg=#94e2d5 italic⟧b⟦/⟧⟦fg=#94e2d5⟧⎞⟦/⟧
                                   ⟦fg=#94e2d5⟧    ⎝⟦/⟧⟦fg=#94e2d5 italic⟧c⟦/⟧⟦fg=#94e2d5⟧  ⟦/⟧⟦fg=#94e2d5 italic⟧d⟦/⟧⟦fg=#94e2d5⟧⎠⟦/⟧

                             ⟦fg=#94e2d5⟧       ⎧ 1  ⟦/⟧⟦fg=#94e2d5 italic⟧x⟦/⟧⟦fg=#94e2d5⟧ > 0⟦/⟧
                             ⟦fg=#94e2d5 italic⟧f⟦/⟧⟦fg=#94e2d5⟧(⟦/⟧⟦fg=#94e2d5 italic⟧x⟦/⟧⟦fg=#94e2d5⟧) = ⎨⟦/⟧
                             ⟦fg=#94e2d5⟧       ⎩ 0  ⟦/⟧otherwise

  GitHub style: ⟦fg=#94e2d5⟧√(⟦/⟧⟦fg=#94e2d5 italic⟧x⟦/⟧⟦fg=#94e2d5⟧²+1)⟦/⟧.

  A long inline formula ⟦fg=#94e2d5 italic⟧a⟦/⟧⟦fg=#94e2d5⟧₁ + ⟦/⟧⟦fg=#94e2d5 italic⟧a⟦/⟧⟦fg=#94e2d5⟧₂ + ⟦/⟧⟦fg=#94e2d5 italic⟧a⟦/⟧⟦fg=#94e2d5⟧₃ + ⟦/⟧⟦fg=#94e2d5 italic⟧a⟦/⟧⟦fg=#94e2d5⟧₄ + ⟦/⟧⟦fg=#94e2d5 italic⟧a⟦/⟧⟦fg=#94e2d5⟧₅ + ⟦/⟧⟦fg=#94e2d5 italic⟧a⟦/⟧⟦fg=#94e2d5⟧₆ + ⟦/⟧⟦fg=#94e2d5 italic⟧a⟦/⟧⟦fg=#94e2d5⟧₇ + ⟦/⟧⟦fg=#94e2d5 italic⟧a⟦/⟧⟦fg=#94e2d5⟧₈ + ⟦/⟧⟦fg=#94e2d5 italic⟧a⟦/⟧⟦fg=#94e2d5⟧₉ + ⟦/⟧⟦fg=#94e2d5 italic⟧a⟦/⟧⟦fg=#94e2d5⟧₁₀⟦/⟧ wraps
  at operators.

  Broken TeX: $\frac{a$ and a broken display:

                              ⟦fg=#f38ba8 ul=curly ulc=#f38ba8⟧\begin{matrix} a & b⟦/⟧
━━ width 120 ━━━━━━━━━━━━━━━━━━━━━━━━━━━━━━━━━━━━━━━━━━━━━━━━━━━━━━━━━━━━━━━━━━━━━━━━━━━━━━━━━━━━━━━━━━━━━━━━━━━━━━━━━━━
          Inline: ⟦fg=#94e2d5 italic⟧e⟦/⟧⟦fg=#94e2d5 dim⟧^(⟦/⟧⟦fg=#94e2d5 italic⟧iπ⟦/⟧⟦fg=#94e2d5 dim⟧)⟦/⟧⟦fg=#94e2d5⟧ + 1 = 0⟦/⟧, ⟦fg=#94e2d5 italic⟧α⟦/⟧⟦fg=#94e2d5⟧² + ⟦/⟧⟦fg=#94e2d5 italic⟧β⟦/⟧⟦fg=#94e2d5⟧²⟦/⟧, and ⟦fg=#94e2d5 italic⟧a⟦/⟧⟦fg=#94e2d5⟧/⟦/⟧⟦fg=#94e2d5 italic⟧b⟦/⟧.

          Dollars stay prose: it costs $5 and $10, or $5-$10.

          LaTeX delimiters: ⟦fg=#94e2d5 italic⟧x⟦/⟧⟦fg=#94e2d5⟧² + ⟦/⟧⟦fg=#94e2d5 italic⟧y⟦/⟧⟦fg=#94e2d5⟧² = ⟦/⟧⟦fg=#94e2d5 italic⟧z⟦/⟧⟦fg=#94e2d5⟧²⟦/⟧ inline.

                                                 ⟦fg=#94e2d5⟧ ⟦/⟧⟦fg=#94e2d5 italic⟧n⟦/⟧⟦fg=#94e2d5⟧       ⟦/⟧⟦fg=#94e2d5 italic⟧n⟦/⟧⟦fg=#94e2d5⟧(⟦/⟧⟦fg=#94e2d5 italic⟧n⟦/⟧⟦fg=#94e2d5⟧+1)(2⟦/⟧⟦fg=#94e2d5 italic⟧n⟦/⟧⟦fg=#94e2d5⟧+1)⟦/⟧
                                                 ⟦fg=#94e2d5⟧ ∑  ⟦/⟧⟦fg=#94e2d5 italic⟧i⟦/⟧⟦fg=#94e2d5⟧² = ────────────⟦/⟧
                                                 ⟦fg=#94e2d5 italic⟧i⟦/⟧⟦fg=#94e2d5⟧=1           6⟦/⟧

                                                       ⟦fg=#94e2d5 italic⟧A⟦/⟧⟦fg=#94e2d5⟧ = ⎛⟦/⟧⟦fg=#94e2d5 italic⟧a⟦/⟧⟦fg=#94e2d5⟧  ⟦/⟧⟦fg=#94e2d5 italic⟧b⟦/⟧⟦fg=#94e2d5⟧⎞⟦/⟧
                                                       ⟦fg=#94e2d5⟧    ⎝⟦/⟧⟦fg=#94e2d5 italic⟧c⟦/⟧⟦fg=#94e2d5⟧  ⟦/⟧⟦fg=#94e2d5 italic⟧d⟦/⟧⟦fg=#94e2d5⟧⎠⟦/⟧

                                                 ⟦fg=#94e2d5⟧       ⎧ 1  ⟦/⟧⟦fg=#94e2d5 italic⟧x⟦/⟧⟦fg=#94e2d5⟧ > 0⟦/⟧
                                                 ⟦fg=#94e2d5 italic⟧f⟦/⟧⟦fg=#94e2d5⟧(⟦/⟧⟦fg=#94e2d5 italic⟧x⟦/⟧⟦fg=#94e2d5⟧) = ⎨⟦/⟧
                                                 ⟦fg=#94e2d5⟧       ⎩ 0  ⟦/⟧otherwise

          GitHub style: ⟦fg=#94e2d5⟧√(⟦/⟧⟦fg=#94e2d5 italic⟧x⟦/⟧⟦fg=#94e2d5⟧²+1)⟦/⟧.

          A long inline formula ⟦fg=#94e2d5 italic⟧a⟦/⟧⟦fg=#94e2d5⟧₁ + ⟦/⟧⟦fg=#94e2d5 italic⟧a⟦/⟧⟦fg=#94e2d5⟧₂ + ⟦/⟧⟦fg=#94e2d5 italic⟧a⟦/⟧⟦fg=#94e2d5⟧₃ + ⟦/⟧⟦fg=#94e2d5 italic⟧a⟦/⟧⟦fg=#94e2d5⟧₄ + ⟦/⟧⟦fg=#94e2d5 italic⟧a⟦/⟧⟦fg=#94e2d5⟧₅ + ⟦/⟧⟦fg=#94e2d5 italic⟧a⟦/⟧⟦fg=#94e2d5⟧₆ + ⟦/⟧⟦fg=#94e2d5 italic⟧a⟦/⟧⟦fg=#94e2d5⟧₇ + ⟦/⟧⟦fg=#94e2d5 italic⟧a⟦/⟧⟦fg=#94e2d5⟧₈ + ⟦/⟧⟦fg=#94e2d5 italic⟧a⟦/⟧⟦fg=#94e2d5⟧₉ + ⟦/⟧⟦fg=#94e2d5 italic⟧a⟦/⟧⟦fg=#94e2d5⟧₁₀⟦/⟧ wraps at operators.

          Broken TeX: $\frac{a$ and a broken display:

                                                  ⟦fg=#f38ba8 ul=curly ulc=#f38ba8⟧\begin{matrix} a & b⟦/⟧
