---
source: tests/layout_snapshots.rs
expression: "plain(\"math\")"
---
━━ width 24 ━━━━━━━━━━━━
Inline: e^(iπ) + 1 =
0, α² + β², and a/b.

Dollars stay prose:
it costs $5 and $10,
or $5-$10.

LaTeX delimiters:
x² + y² = z² inline.

   n
   ∑  i²
  i=1

      n(n+1)(2n+1)
    = ────────────
           6

     A = ⎛a  b⎞
         ⎝c  d⎠

 f(x)

     ⎧ 1  x > 0
   = ⎨
     ⎩ 0  otherwise

GitHub style:
√(x²+1).

A long inline
formula a₁ + a₂ +
a₃ + a₄ + a₅ + a₆ +
a₇ + a₈ + a₉ + a₁₀
wraps at operators.

Broken TeX: $
\frac{a$ and a
broken display:

\begin{matrix} a & b
━━ width 40 ━━━━━━━━━━━━━━━━━━━━━━━━━━━━
Inline: e^(iπ) + 1 = 0, α² + β², and
a/b.

Dollars stay prose: it costs $5 and
$10, or $5-$10.

LaTeX delimiters: x² + y² = z²
inline.

        n       n(n+1)(2n+1)
        ∑  i² = ────────────
       i=1           6

             A = ⎛a  b⎞
                 ⎝c  d⎠

              ⎧ 1  x > 0
       f(x) = ⎨
              ⎩ 0  otherwise

GitHub style: √(x²+1).

A long inline formula a₁ + a₂ + a₃ +
a₄ + a₅ + a₆ + a₇ + a₈ + a₉ + a₁₀
wraps at operators.

Broken TeX: $\frac{a$ and a broken
display:

        \begin{matrix} a & b
━━ width 80 ━━━━━━━━━━━━━━━━━━━━━━━━━━━━━━━━━━━━━━━━━━━━━━━━━━━━━━━━━━━━━━━━━━━━
Inline: e^(iπ) + 1 = 0, α² + β², and a/b.

Dollars stay prose: it costs $5 and $10, or $5-$10.

LaTeX delimiters: x² + y² = z² inline.

                            n       n(n+1)(2n+1)
                            ∑  i² = ────────────
                           i=1           6

                                 A = ⎛a  b⎞
                                     ⎝c  d⎠

                                  ⎧ 1  x > 0
                           f(x) = ⎨
                                  ⎩ 0  otherwise

GitHub style: √(x²+1).

A long inline formula a₁ + a₂ + a₃ + a₄ + a₅ + a₆ + a₇ + a₈ + a₉ + a₁₀ wraps
at operators.

Broken TeX: $\frac{a$ and a broken display:

                            \begin{matrix} a & b
━━ width 120 ━━━━━━━━━━━━━━━━━━━━━━━━━━━━━━━━━━━━━━━━━━━━━━━━━━━━━━━━━━━━━━━━━━━━━━━━━━━━━━━━━━━━━━━━━━━━━━━━━━━━━━━━━━━
Inline: e^(iπ) + 1 = 0, α² + β², and a/b.

Dollars stay prose: it costs $5 and $10, or $5-$10.

LaTeX delimiters: x² + y² = z² inline.

                                        n       n(n+1)(2n+1)
                                        ∑  i² = ────────────
                                       i=1           6

                                             A = ⎛a  b⎞
                                                 ⎝c  d⎠

                                              ⎧ 1  x > 0
                                       f(x) = ⎨
                                              ⎩ 0  otherwise

GitHub style: √(x²+1).

A long inline formula a₁ + a₂ + a₃ + a₄ + a₅ + a₆ + a₇ + a₈ + a₉ + a₁₀ wraps at operators.

Broken TeX: $\frac{a$ and a broken display:

                                        \begin{matrix} a & b
