---
source: tests/layout_snapshots.rs
expression: "plain(\"llm-math\")"
---
━━ width 24 ━━━━━━━━━━━━
Quadratic equations
════════════════════

The solutions of
ax² + bx + c = 0 are
given by

           ▁▁▁▁▁▁
       −b±√b²−4ac
   x = ──────────
           2a

where a ≠ 0. The
discriminant Δ =
b² − 4ac decides:

1. If Δ > 0, there
   are two real
   roots x₁ and x₂.
2. If Δ = 0, there
   is one root x =
   −b/2a.
3. If Δ < 0, the
   roots are
   complex.

Subscripts that look
like emphasis: x₁²
and y₃².

GitHub style:
√(x²+1) and dollars:
E = mc².

Prices stay prose:
it costs $5 and $10,
or $5-$10.

▎ Inside a quote:
▎
▎  ⌠∞  −x²      √π
▎  ⎮  e    dx = ──
▎  ⌡0           2

Code keeps
delimiters:
`\(not math\)`.

An aligned block:

      f(x) = x²
     f′(x) = 2x
━━ width 40 ━━━━━━━━━━━━━━━━━━━━━━━━━━━━
Quadratic equations
════════════════════════════════════

The solutions of ax² + bx + c = 0
are given by

                   ▁▁▁▁▁▁
               −b±√b²−4ac
           x = ──────────
                   2a

where a ≠ 0. The discriminant Δ =
b² − 4ac decides:

1. If Δ > 0, there are two real
   roots x₁ and x₂.
2. If Δ = 0, there is one root x =
   −b/2a.
3. If Δ < 0, the roots are complex.

Subscripts that look like emphasis:
x₁² and y₃².

GitHub style: √(x²+1) and dollars:
E = mc².

Prices stay prose: it costs $5 and
$10, or $5-$10.

▎ Inside a quote:
▎
▎          ⌠∞  −x²      √π
▎          ⎮  e    dx = ──
▎          ⌡0           2

Code keeps delimiters:
`\(not math\)`.

An aligned block:

              f(x) = x²
             f′(x) = 2x
━━ width 80 ━━━━━━━━━━━━━━━━━━━━━━━━━━━━━━━━━━━━━━━━━━━━━━━━━━━━━━━━━━━━━━━━━━━━
Quadratic equations
════════════════════════════════════════════════════════════════════════════

The solutions of ax² + bx + c = 0 are given by

                                       ▁▁▁▁▁▁
                                   −b±√b²−4ac
                               x = ──────────
                                       2a

where a ≠ 0. The discriminant Δ = b² − 4ac decides:

1. If Δ > 0, there are two real roots x₁ and x₂.
2. If Δ = 0, there is one root x = −b/2a.
3. If Δ < 0, the roots are complex.

Subscripts that look like emphasis: x₁² and y₃².

GitHub style: √(x²+1) and dollars: E = mc².

Prices stay prose: it costs $5 and $10, or $5-$10.

▎ Inside a quote:
▎
▎                              ⌠∞  −x²      √π
▎                              ⎮  e    dx = ──
▎                              ⌡0           2

Code keeps delimiters: `\(not math\)`.

An aligned block:

                                  f(x) = x²
                                 f′(x) = 2x
━━ width 120 ━━━━━━━━━━━━━━━━━━━━━━━━━━━━━━━━━━━━━━━━━━━━━━━━━━━━━━━━━━━━━━━━━━━━━━━━━━━━━━━━━━━━━━━━━━━━━━━━━━━━━━━━━━━
Quadratic equations
════════════════════════════════════════════════════════════════════════════════════════════════════

The solutions of ax² + bx + c = 0 are given by

                                                   ▁▁▁▁▁▁
                                               −b±√b²−4ac
                                           x = ──────────
                                                   2a

where a ≠ 0. The discriminant Δ = b² − 4ac decides:

1. If Δ > 0, there are two real roots x₁ and x₂.
2. If Δ = 0, there is one root x = −b/2a.
3. If Δ < 0, the roots are complex.

Subscripts that look like emphasis: x₁² and y₃².

GitHub style: √(x²+1) and dollars: E = mc².

Prices stay prose: it costs $5 and $10, or $5-$10.

▎ Inside a quote:
▎
▎                                          ⌠∞  −x²      √π
▎                                          ⎮  e    dx = ──
▎                                          ⌡0           2

Code keeps delimiters: `\(not math\)`.

An aligned block:

                                              f(x) = x²
                                             f′(x) = 2x
