---
source: tests/layout_snapshots.rs
expression: "plain(\"tables\")"
---
━━ width 24 ━━━━━━━━━━━━
Left: a
Center: b
Right: c
None: d
────────
Left: longer cell
Center: with bold
Right: 123
None: `code span`

╭─────────┬────────╮
│ Wide    │ Table  │
├─────────┼────────┤
│ This    │ short  │
│ cell    │        │
│ has     │        │
│ quite a │        │
│ lot of  │        │
│ text in │        │
│ it,     │        │
│ enough  │        │
│ to      │        │
│ force   │        │
│ wrappin │        │
│ g even  │        │
│ at      │        │
│ eighty  │        │
│ columns │        │
├─────────┼────────┤
│ x       │ Anothe │
│         │ r long │
│         │ cell   │
│         │ that   │
│         │ should │
│         │ wrap   │
│         │ as     │
│         │ well,  │
│         │ becaus │
│         │ e the  │
│         │ table  │
│         │ is     │
│         │ wider  │
│         │ than   │
│         │ the    │
│         │ termin │
│         │ al     │
╰─────────┴────────╯

╭─────────┬────────╮
│ 名前    │ 説明   │
├─────────┼────────┤
│ 日本語  │ テーブ │
│         │ ルの中 │
│         │ の日本 │
│         │ 語のテ │
│         │ キスト │
│         │ です   │
├─────────┼────────┤
│ emoji   │ ❤️     │
│ 👍      │ works  │
╰─────────┴────────╯

a: one
b: two
c: three
d: four
e: five
f: six
g: seven

╭───────────────╮
│ Only a header │
╰───────────────╯

Math: x²
Link: link[1]
Note: ref¹

╭──────────────────╮
│ Inline code with │
│ spaces           │
├──────────────────┤
│ `cargo build --  │
│ release --       │
│ locked`          │
╰──────────────────╯

[1]: https://
     example.com

── Footnotes ───────

1. A footnote from a
   table. ↑
━━ width 40 ━━━━━━━━━━━━━━━━━━━━━━━━━━━━
╭────────┬────────┬───────┬────────╮
│ Left   │ Center │ Right │ None   │
├────────┼────────┼───────┼────────┤
│ a      │   b    │     c │ d      │
├────────┼────────┼───────┼────────┤
│ longer │  with  │   123 │ `code  │
│ cell   │  bold  │       │ span`  │
╰────────┴────────┴───────┴────────╯

╭─────────────────┬────────────────╮
│ Wide            │ Table          │
├─────────────────┼────────────────┤
│ This cell has   │ short          │
│ quite a lot of  │                │
│ text in it,     │                │
│ enough to force │                │
│ wrapping even   │                │
│ at eighty       │                │
│ columns         │                │
├─────────────────┼────────────────┤
│ x               │ Another long   │
│                 │ cell that      │
│                 │ should wrap as │
│                 │ well, because  │
│                 │ the table is   │
│                 │ wider than the │
│                 │ terminal       │
╰─────────────────┴────────────────╯

╭──────────┬───────────────────────╮
│ 名前     │ 説明                  │
├──────────┼───────────────────────┤
│ 日本語   │ テーブルの中の日本語  │
│          │ のテキストです        │
├──────────┼───────────────────────┤
│ emoji 👍 │ ❤️ works              │
╰──────────┴───────────────────────╯

a: one
b: two
c: three
d: four
e: five
f: six
g: seven

╭───────────────╮
│ Only a header │
╰───────────────╯

╭──────┬─────────┬──────╮
│ Math │ Link    │ Note │
├──────┼─────────┼──────┤
│ x²   │ link[1] │ ref¹ │
╰──────┴─────────┴──────╯

╭──────────────────────────────────╮
│ Inline code with spaces          │
├──────────────────────────────────┤
│ `cargo build --release --locked` │
╰──────────────────────────────────╯

[1]: https://example.com

── Footnotes ───────────────────────

1. A footnote from a table. ↑
━━ width 80 ━━━━━━━━━━━━━━━━━━━━━━━━━━━━━━━━━━━━━━━━━━━━━━━━━━━━━━━━━━━━━━━━━━━━
╭─────────────┬───────────┬───────┬─────────────╮
│ Left        │  Center   │ Right │ None        │
├─────────────┼───────────┼───────┼─────────────┤
│ a           │     b     │     c │ d           │
│ longer cell │ with bold │   123 │ `code span` │
╰─────────────┴───────────┴───────┴─────────────╯

╭─────────────────────────────────────┬────────────────────────────────────╮
│ Wide                                │ Table                              │
├─────────────────────────────────────┼────────────────────────────────────┤
│ This cell has quite a lot of text   │ short                              │
│ in it, enough to force wrapping     │                                    │
│ even at eighty columns              │                                    │
├─────────────────────────────────────┼────────────────────────────────────┤
│ x                                   │ Another long cell that should wrap │
│                                     │ as well, because the table is      │
│                                     │ wider than the terminal            │
╰─────────────────────────────────────┴────────────────────────────────────╯

╭──────────┬────────────────────────────────────╮
│ 名前     │ 説明                               │
├──────────┼────────────────────────────────────┤
│ 日本語   │ テーブルの中の日本語のテキストです │
│ emoji 👍 │ ❤️ works                           │
╰──────────┴────────────────────────────────────╯

╭─────┬─────┬───────┬──────┬──────┬─────┬───────╮
│ a   │ b   │ c     │ d    │ e    │ f   │ g     │
├─────┼─────┼───────┼──────┼──────┼─────┼───────┤
│ one │ two │ three │ four │ five │ six │ seven │
╰─────┴─────┴───────┴──────┴──────┴─────┴───────╯

╭───────────────╮
│ Only a header │
╰───────────────╯

╭──────┬─────────┬──────╮
│ Math │ Link    │ Note │
├──────┼─────────┼──────┤
│ x²   │ link[1] │ ref¹ │
╰──────┴─────────┴──────╯

╭──────────────────────────────────╮
│ Inline code with spaces          │
├──────────────────────────────────┤
│ `cargo build --release --locked` │
╰──────────────────────────────────╯

[1]: https://example.com

── Footnotes ───────────────────────────────────────────────────────────────

1. A footnote from a table. ↑
━━ width 120 ━━━━━━━━━━━━━━━━━━━━━━━━━━━━━━━━━━━━━━━━━━━━━━━━━━━━━━━━━━━━━━━━━━━━━━━━━━━━━━━━━━━━━━━━━━━━━━━━━━━━━━━━━━━
╭─────────────┬───────────┬───────┬─────────────╮
│ Left        │  Center   │ Right │ None        │
├─────────────┼───────────┼───────┼─────────────┤
│ a           │     b     │     c │ d           │
│ longer cell │ with bold │   123 │ `code span` │
╰─────────────┴───────────┴───────┴─────────────╯

╭─────────────────────────────────────────────────┬────────────────────────────────────────────────╮
│ Wide                                            │ Table                                          │
├─────────────────────────────────────────────────┼────────────────────────────────────────────────┤
│ This cell has quite a lot of text in it, enough │ short                                          │
│ to force wrapping even at eighty columns        │                                                │
├─────────────────────────────────────────────────┼────────────────────────────────────────────────┤
│ x                                               │ Another long cell that should wrap as well,    │
│                                                 │ because the table is wider than the terminal   │
╰─────────────────────────────────────────────────┴────────────────────────────────────────────────╯

╭──────────┬────────────────────────────────────╮
│ 名前     │ 説明                               │
├──────────┼────────────────────────────────────┤
│ 日本語   │ テーブルの中の日本語のテキストです │
│ emoji 👍 │ ❤️ works                           │
╰──────────┴────────────────────────────────────╯

╭─────┬─────┬───────┬──────┬──────┬─────┬───────╮
│ a   │ b   │ c     │ d    │ e    │ f   │ g     │
├─────┼─────┼───────┼──────┼──────┼─────┼───────┤
│ one │ two │ three │ four │ five │ six │ seven │
╰─────┴─────┴───────┴──────┴──────┴─────┴───────╯

╭───────────────╮
│ Only a header │
╰───────────────╯

╭──────┬─────────┬──────╮
│ Math │ Link    │ Note │
├──────┼─────────┼──────┤
│ x²   │ link[1] │ ref¹ │
╰──────┴─────────┴──────╯

╭──────────────────────────────────╮
│ Inline code with spaces          │
├──────────────────────────────────┤
│ `cargo build --release --locked` │
╰──────────────────────────────────╯

[1]: https://example.com

── Footnotes ───────────────────────────────────────────────────────────────────────────────────────

1. A footnote from a table. ↑
