---
source: tests/layout_snapshots.rs
expression: "styled(\"tables\", & Caps :: full(), & WIDTHS)"
---
━━ width 24 ━━━━━━━━━━━━
  ⟦bold⟧Left⟦/⟧⟦fg=#6c7086⟧: ⟦/⟧a
  ⟦bold⟧Center⟦/⟧⟦fg=#6c7086⟧: ⟦/⟧b
  ⟦bold⟧Right⟦/⟧⟦fg=#6c7086⟧: ⟦/⟧c
  ⟦bold⟧None⟦/⟧⟦fg=#6c7086⟧: ⟦/⟧d
  ⟦fg=#6c7086⟧────────⟦/⟧
  ⟦bold⟧Left⟦/⟧⟦fg=#6c7086⟧: ⟦/⟧longer cell
  ⟦bold⟧Center⟦/⟧⟦fg=#6c7086⟧: ⟦/⟧with ⟦bold⟧bold⟦/⟧
  ⟦bold⟧Right⟦/⟧⟦fg=#6c7086⟧: ⟦/⟧123
  ⟦bold⟧None⟦/⟧⟦fg=#6c7086⟧: ⟦/⟧⟦fg=#fab387 bg=#2c2d3d⟧ code span ⟦/⟧

  ⟦fg=#6c7086⟧╭─────────┬────────╮⟦/⟧
  ⟦fg=#6c7086⟧│⟦/⟧⟦bg=#2c2d3d bold⟧ Wide    ⟦/⟧⟦fg=#6c7086⟧│⟦/⟧⟦bg=#2c2d3d bold⟧ Table  ⟦/⟧⟦fg=#6c7086⟧│⟦/⟧
  ⟦fg=#6c7086⟧├─────────┼────────┤⟦/⟧
  ⟦fg=#6c7086⟧│⟦/⟧ This    ⟦fg=#6c7086⟧│⟦/⟧ short  ⟦fg=#6c7086⟧│⟦/⟧
  ⟦fg=#6c7086⟧│⟦/⟧ cell    ⟦fg=#6c7086⟧│⟦/⟧        ⟦fg=#6c7086⟧│⟦/⟧
  ⟦fg=#6c7086⟧│⟦/⟧ has     ⟦fg=#6c7086⟧│⟦/⟧        ⟦fg=#6c7086⟧│⟦/⟧
  ⟦fg=#6c7086⟧│⟦/⟧ quite a ⟦fg=#6c7086⟧│⟦/⟧        ⟦fg=#6c7086⟧│⟦/⟧
  ⟦fg=#6c7086⟧│⟦/⟧ lot of  ⟦fg=#6c7086⟧│⟦/⟧        ⟦fg=#6c7086⟧│⟦/⟧
  ⟦fg=#6c7086⟧│⟦/⟧ text in ⟦fg=#6c7086⟧│⟦/⟧        ⟦fg=#6c7086⟧│⟦/⟧
  ⟦fg=#6c7086⟧│⟦/⟧ it,     ⟦fg=#6c7086⟧│⟦/⟧        ⟦fg=#6c7086⟧│⟦/⟧
  ⟦fg=#6c7086⟧│⟦/⟧ enough  ⟦fg=#6c7086⟧│⟦/⟧        ⟦fg=#6c7086⟧│⟦/⟧
  ⟦fg=#6c7086⟧│⟦/⟧ to      ⟦fg=#6c7086⟧│⟦/⟧        ⟦fg=#6c7086⟧│⟦/⟧
  ⟦fg=#6c7086⟧│⟦/⟧ force   ⟦fg=#6c7086⟧│⟦/⟧        ⟦fg=#6c7086⟧│⟦/⟧
  ⟦fg=#6c7086⟧│⟦/⟧ wrappin ⟦fg=#6c7086⟧│⟦/⟧        ⟦fg=#6c7086⟧│⟦/⟧
  ⟦fg=#6c7086⟧│⟦/⟧ g even  ⟦fg=#6c7086⟧│⟦/⟧        ⟦fg=#6c7086⟧│⟦/⟧
  ⟦fg=#6c7086⟧│⟦/⟧ at      ⟦fg=#6c7086⟧│⟦/⟧        ⟦fg=#6c7086⟧│⟦/⟧
  ⟦fg=#6c7086⟧│⟦/⟧ eighty  ⟦fg=#6c7086⟧│⟦/⟧        ⟦fg=#6c7086⟧│⟦/⟧
  ⟦fg=#6c7086⟧│⟦/⟧ columns ⟦fg=#6c7086⟧│⟦/⟧        ⟦fg=#6c7086⟧│⟦/⟧
  ⟦fg=#6c7086⟧│⟦/⟧⟦bg=#272839⟧ x       ⟦/⟧⟦fg=#6c7086⟧│⟦/⟧⟦bg=#272839⟧ Anothe ⟦/⟧⟦fg=#6c7086⟧│⟦/⟧
  ⟦fg=#6c7086⟧│⟦/⟧⟦bg=#272839⟧         ⟦/⟧⟦fg=#6c7086⟧│⟦/⟧⟦bg=#272839⟧ r long ⟦/⟧⟦fg=#6c7086⟧│⟦/⟧
  ⟦fg=#6c7086⟧│⟦/⟧⟦bg=#272839⟧         ⟦/⟧⟦fg=#6c7086⟧│⟦/⟧⟦bg=#272839⟧ cell   ⟦/⟧⟦fg=#6c7086⟧│⟦/⟧
  ⟦fg=#6c7086⟧│⟦/⟧⟦bg=#272839⟧         ⟦/⟧⟦fg=#6c7086⟧│⟦/⟧⟦bg=#272839⟧ that   ⟦/⟧⟦fg=#6c7086⟧│⟦/⟧
  ⟦fg=#6c7086⟧│⟦/⟧⟦bg=#272839⟧         ⟦/⟧⟦fg=#6c7086⟧│⟦/⟧⟦bg=#272839⟧ should ⟦/⟧⟦fg=#6c7086⟧│⟦/⟧
  ⟦fg=#6c7086⟧│⟦/⟧⟦bg=#272839⟧         ⟦/⟧⟦fg=#6c7086⟧│⟦/⟧⟦bg=#272839⟧ wrap   ⟦/⟧⟦fg=#6c7086⟧│⟦/⟧
  ⟦fg=#6c7086⟧│⟦/⟧⟦bg=#272839⟧         ⟦/⟧⟦fg=#6c7086⟧│⟦/⟧⟦bg=#272839⟧ as     ⟦/⟧⟦fg=#6c7086⟧│⟦/⟧
  ⟦fg=#6c7086⟧│⟦/⟧⟦bg=#272839⟧         ⟦/⟧⟦fg=#6c7086⟧│⟦/⟧⟦bg=#272839⟧ well,  ⟦/⟧⟦fg=#6c7086⟧│⟦/⟧
  ⟦fg=#6c7086⟧│⟦/⟧⟦bg=#272839⟧         ⟦/⟧⟦fg=#6c7086⟧│⟦/⟧⟦bg=#272839⟧ becaus ⟦/⟧⟦fg=#6c7086⟧│⟦/⟧
  ⟦fg=#6c7086⟧│⟦/⟧⟦bg=#272839⟧         ⟦/⟧⟦fg=#6c7086⟧│⟦/⟧⟦bg=#272839⟧ e the  ⟦/⟧⟦fg=#6c7086⟧│⟦/⟧
  ⟦fg=#6c7086⟧│⟦/⟧⟦bg=#272839⟧         ⟦/⟧⟦fg=#6c7086⟧│⟦/⟧⟦bg=#272839⟧ table  ⟦/⟧⟦fg=#6c7086⟧│⟦/⟧
  ⟦fg=#6c7086⟧│⟦/⟧⟦bg=#272839⟧         ⟦/⟧⟦fg=#6c7086⟧│⟦/⟧⟦bg=#272839⟧ is     ⟦/⟧⟦fg=#6c7086⟧│⟦/⟧
  ⟦fg=#6c7086⟧│⟦/⟧⟦bg=#272839⟧         ⟦/⟧⟦fg=#6c7086⟧│⟦/⟧⟦bg=#272839⟧ wider  ⟦/⟧⟦fg=#6c7086⟧│⟦/⟧
  ⟦fg=#6c7086⟧│⟦/⟧⟦bg=#272839⟧         ⟦/⟧⟦fg=#6c7086⟧│⟦/⟧⟦bg=#272839⟧ than   ⟦/⟧⟦fg=#6c7086⟧│⟦/⟧
  ⟦fg=#6c7086⟧│⟦/⟧⟦bg=#272839⟧         ⟦/⟧⟦fg=#6c7086⟧│⟦/⟧⟦bg=#272839⟧ the    ⟦/⟧⟦fg=#6c7086⟧│⟦/⟧
  ⟦fg=#6c7086⟧│⟦/⟧⟦bg=#272839⟧         ⟦/⟧⟦fg=#6c7086⟧│⟦/⟧⟦bg=#272839⟧ termin ⟦/⟧⟦fg=#6c7086⟧│⟦/⟧
  ⟦fg=#6c7086⟧│⟦/⟧⟦bg=#272839⟧         ⟦/⟧⟦fg=#6c7086⟧│⟦/⟧⟦bg=#272839⟧ al     ⟦/⟧⟦fg=#6c7086⟧│⟦/⟧
  ⟦fg=#6c7086⟧╰─────────┴────────╯⟦/⟧

  ⟦fg=#6c7086⟧╭─────────┬────────╮⟦/⟧
  ⟦fg=#6c7086⟧│⟦/⟧⟦bg=#2c2d3d bold⟧ 名前    ⟦/⟧⟦fg=#6c7086⟧│⟦/⟧⟦bg=#2c2d3d bold⟧ 説明   ⟦/⟧⟦fg=#6c7086⟧│⟦/⟧
  ⟦fg=#6c7086⟧├─────────┼────────┤⟦/⟧
  ⟦fg=#6c7086⟧│⟦/⟧ 日本語  ⟦fg=#6c7086⟧│⟦/⟧ テーブ ⟦fg=#6c7086⟧│⟦/⟧
  ⟦fg=#6c7086⟧│⟦/⟧         ⟦fg=#6c7086⟧│⟦/⟧ ルの中 ⟦fg=#6c7086⟧│⟦/⟧
  ⟦fg=#6c7086⟧│⟦/⟧         ⟦fg=#6c7086⟧│⟦/⟧ の日本 ⟦fg=#6c7086⟧│⟦/⟧
  ⟦fg=#6c7086⟧│⟦/⟧         ⟦fg=#6c7086⟧│⟦/⟧ 語のテ ⟦fg=#6c7086⟧│⟦/⟧
  ⟦fg=#6c7086⟧│⟦/⟧         ⟦fg=#6c7086⟧│⟦/⟧ キスト ⟦fg=#6c7086⟧│⟦/⟧
  ⟦fg=#6c7086⟧│⟦/⟧         ⟦fg=#6c7086⟧│⟦/⟧ です   ⟦fg=#6c7086⟧│⟦/⟧
  ⟦fg=#6c7086⟧│⟦/⟧⟦bg=#272839⟧ emoji   ⟦/⟧⟦fg=#6c7086⟧│⟦/⟧⟦bg=#272839⟧ ❤️     ⟦/⟧⟦fg=#6c7086⟧│⟦/⟧
  ⟦fg=#6c7086⟧│⟦/⟧⟦bg=#272839⟧ 👍      ⟦/⟧⟦fg=#6c7086⟧│⟦/⟧⟦bg=#272839⟧ works  ⟦/⟧⟦fg=#6c7086⟧│⟦/⟧
  ⟦fg=#6c7086⟧╰─────────┴────────╯⟦/⟧

  ⟦bold⟧a⟦/⟧⟦fg=#6c7086⟧: ⟦/⟧one
  ⟦bold⟧b⟦/⟧⟦fg=#6c7086⟧: ⟦/⟧two
  ⟦bold⟧c⟦/⟧⟦fg=#6c7086⟧: ⟦/⟧three
  ⟦bold⟧d⟦/⟧⟦fg=#6c7086⟧: ⟦/⟧four
  ⟦bold⟧e⟦/⟧⟦fg=#6c7086⟧: ⟦/⟧five
  ⟦bold⟧f⟦/⟧⟦fg=#6c7086⟧: ⟦/⟧six
  ⟦bold⟧g⟦/⟧⟦fg=#6c7086⟧: ⟦/⟧seven

  ⟦fg=#6c7086⟧╭───────────────╮⟦/⟧
  ⟦fg=#6c7086⟧│⟦/⟧⟦bg=#2c2d3d bold⟧ Only a header ⟦/⟧⟦fg=#6c7086⟧│⟦/⟧
  ⟦fg=#6c7086⟧╰───────────────╯⟦/⟧

  ⟦bold⟧Math⟦/⟧⟦fg=#6c7086⟧: ⟦/⟧⟦fg=#f38ba8 ul=curly ulc=#f38ba8⟧x^2⟦/⟧
  ⟦bold⟧Link⟦/⟧⟦fg=#6c7086⟧: ⟦/⟧⟦fg=#89b4fa ul link 0⟧link⟦/⟧
  ⟦bold⟧Note⟦/⟧⟦fg=#6c7086⟧: ⟦/⟧ref⟦fg=#89b4fa link 1⟧¹⟦/⟧

  ⟦fg=#6c7086⟧╭──────────────────╮⟦/⟧
  ⟦fg=#6c7086⟧│⟦/⟧⟦bg=#2c2d3d bold⟧ Inline code with ⟦/⟧⟦fg=#6c7086⟧│⟦/⟧
  ⟦fg=#6c7086⟧│⟦/⟧⟦bg=#2c2d3d bold⟧ spaces           ⟦/⟧⟦fg=#6c7086⟧│⟦/⟧
  ⟦fg=#6c7086⟧├──────────────────┤⟦/⟧
  ⟦fg=#6c7086⟧│⟦/⟧ ⟦fg=#fab387 bg=#2c2d3d⟧ cargo build --⟦/⟧  ⟦fg=#6c7086⟧│⟦/⟧
  ⟦fg=#6c7086⟧│⟦/⟧ ⟦fg=#fab387 bg=#2c2d3d⟧release --⟦/⟧       ⟦fg=#6c7086⟧│⟦/⟧
  ⟦fg=#6c7086⟧│⟦/⟧ ⟦fg=#fab387 bg=#2c2d3d⟧locked ⟦/⟧          ⟦fg=#6c7086⟧│⟦/⟧
  ⟦fg=#6c7086⟧╰──────────────────╯⟦/⟧

  ⟦fg=#6c7086⟧── ⟦/⟧⟦fg=#a6adc8⟧Footnotes⟦/⟧⟦fg=#6c7086⟧ ───────⟦/⟧

  ⟦fg=#89b4fa⟧1.⟦/⟧ ⟦fg=#a6adc8⟧A footnote from a⟦/⟧
     ⟦fg=#a6adc8⟧table.⟦/⟧⟦fg=#89b4fa link 1⟧ ↑⟦/⟧
━━ width 40 ━━━━━━━━━━━━━━━━━━━━━━━━━━━━
  ⟦fg=#6c7086⟧╭────────┬────────┬───────┬────────╮⟦/⟧
  ⟦fg=#6c7086⟧│⟦/⟧⟦bg=#2c2d3d bold⟧ Left   ⟦/⟧⟦fg=#6c7086⟧│⟦/⟧⟦bg=#2c2d3d bold⟧ Center ⟦/⟧⟦fg=#6c7086⟧│⟦/⟧⟦bg=#2c2d3d bold⟧ Right ⟦/⟧⟦fg=#6c7086⟧│⟦/⟧⟦bg=#2c2d3d bold⟧ None   ⟦/⟧⟦fg=#6c7086⟧│⟦/⟧
  ⟦fg=#6c7086⟧├────────┼────────┼───────┼────────┤⟦/⟧
  ⟦fg=#6c7086⟧│⟦/⟧ a      ⟦fg=#6c7086⟧│⟦/⟧   b    ⟦fg=#6c7086⟧│⟦/⟧     c ⟦fg=#6c7086⟧│⟦/⟧ d      ⟦fg=#6c7086⟧│⟦/⟧
  ⟦fg=#6c7086⟧│⟦/⟧⟦bg=#272839⟧ longer ⟦/⟧⟦fg=#6c7086⟧│⟦/⟧⟦bg=#272839⟧  with  ⟦/⟧⟦fg=#6c7086⟧│⟦/⟧⟦bg=#272839⟧   123 ⟦/⟧⟦fg=#6c7086⟧│⟦/⟧⟦bg=#272839⟧ ⟦/⟧⟦fg=#fab387 bg=#2c2d3d⟧ code⟦/⟧⟦bg=#272839⟧  ⟦/⟧⟦fg=#6c7086⟧│⟦/⟧
  ⟦fg=#6c7086⟧│⟦/⟧⟦bg=#272839⟧ cell   ⟦/⟧⟦fg=#6c7086⟧│⟦/⟧⟦bg=#272839⟧  ⟦/⟧⟦bg=#272839 bold⟧bold⟦/⟧⟦bg=#272839⟧  ⟦/⟧⟦fg=#6c7086⟧│⟦/⟧⟦bg=#272839⟧       ⟦/⟧⟦fg=#6c7086⟧│⟦/⟧⟦bg=#272839⟧ ⟦/⟧⟦fg=#fab387 bg=#2c2d3d⟧span ⟦/⟧⟦bg=#272839⟧  ⟦/⟧⟦fg=#6c7086⟧│⟦/⟧
  ⟦fg=#6c7086⟧╰────────┴────────┴───────┴────────╯⟦/⟧

  ⟦fg=#6c7086⟧╭─────────────────┬────────────────╮⟦/⟧
  ⟦fg=#6c7086⟧│⟦/⟧⟦bg=#2c2d3d bold⟧ Wide            ⟦/⟧⟦fg=#6c7086⟧│⟦/⟧⟦bg=#2c2d3d bold⟧ Table          ⟦/⟧⟦fg=#6c7086⟧│⟦/⟧
  ⟦fg=#6c7086⟧├─────────────────┼────────────────┤⟦/⟧
  ⟦fg=#6c7086⟧│⟦/⟧ This cell has   ⟦fg=#6c7086⟧│⟦/⟧ short          ⟦fg=#6c7086⟧│⟦/⟧
  ⟦fg=#6c7086⟧│⟦/⟧ quite a lot of  ⟦fg=#6c7086⟧│⟦/⟧                ⟦fg=#6c7086⟧│⟦/⟧
  ⟦fg=#6c7086⟧│⟦/⟧ text in it,     ⟦fg=#6c7086⟧│⟦/⟧                ⟦fg=#6c7086⟧│⟦/⟧
  ⟦fg=#6c7086⟧│⟦/⟧ enough to force ⟦fg=#6c7086⟧│⟦/⟧                ⟦fg=#6c7086⟧│⟦/⟧
  ⟦fg=#6c7086⟧│⟦/⟧ wrapping even   ⟦fg=#6c7086⟧│⟦/⟧                ⟦fg=#6c7086⟧│⟦/⟧
  ⟦fg=#6c7086⟧│⟦/⟧ at eighty       ⟦fg=#6c7086⟧│⟦/⟧                ⟦fg=#6c7086⟧│⟦/⟧
  ⟦fg=#6c7086⟧│⟦/⟧ columns         ⟦fg=#6c7086⟧│⟦/⟧                ⟦fg=#6c7086⟧│⟦/⟧
  ⟦fg=#6c7086⟧│⟦/⟧⟦bg=#272839⟧ x               ⟦/⟧⟦fg=#6c7086⟧│⟦/⟧⟦bg=#272839⟧ Another long   ⟦/⟧⟦fg=#6c7086⟧│⟦/⟧
  ⟦fg=#6c7086⟧│⟦/⟧⟦bg=#272839⟧                 ⟦/⟧⟦fg=#6c7086⟧│⟦/⟧⟦bg=#272839⟧ cell that      ⟦/⟧⟦fg=#6c7086⟧│⟦/⟧
  ⟦fg=#6c7086⟧│⟦/⟧⟦bg=#272839⟧                 ⟦/⟧⟦fg=#6c7086⟧│⟦/⟧⟦bg=#272839⟧ should wrap as ⟦/⟧⟦fg=#6c7086⟧│⟦/⟧
  ⟦fg=#6c7086⟧│⟦/⟧⟦bg=#272839⟧                 ⟦/⟧⟦fg=#6c7086⟧│⟦/⟧⟦bg=#272839⟧ well, because  ⟦/⟧⟦fg=#6c7086⟧│⟦/⟧
  ⟦fg=#6c7086⟧│⟦/⟧⟦bg=#272839⟧                 ⟦/⟧⟦fg=#6c7086⟧│⟦/⟧⟦bg=#272839⟧ the table is   ⟦/⟧⟦fg=#6c7086⟧│⟦/⟧
  ⟦fg=#6c7086⟧│⟦/⟧⟦bg=#272839⟧                 ⟦/⟧⟦fg=#6c7086⟧│⟦/⟧⟦bg=#272839⟧ wider than the ⟦/⟧⟦fg=#6c7086⟧│⟦/⟧
  ⟦fg=#6c7086⟧│⟦/⟧⟦bg=#272839⟧                 ⟦/⟧⟦fg=#6c7086⟧│⟦/⟧⟦bg=#272839⟧ terminal       ⟦/⟧⟦fg=#6c7086⟧│⟦/⟧
  ⟦fg=#6c7086⟧╰─────────────────┴────────────────╯⟦/⟧

  ⟦fg=#6c7086⟧╭──────────┬───────────────────────╮⟦/⟧
  ⟦fg=#6c7086⟧│⟦/⟧⟦bg=#2c2d3d bold⟧ 名前     ⟦/⟧⟦fg=#6c7086⟧│⟦/⟧⟦bg=#2c2d3d bold⟧ 説明                  ⟦/⟧⟦fg=#6c7086⟧│⟦/⟧
  ⟦fg=#6c7086⟧├──────────┼───────────────────────┤⟦/⟧
  ⟦fg=#6c7086⟧│⟦/⟧ 日本語   ⟦fg=#6c7086⟧│⟦/⟧ テーブルの中の日本語  ⟦fg=#6c7086⟧│⟦/⟧
  ⟦fg=#6c7086⟧│⟦/⟧          ⟦fg=#6c7086⟧│⟦/⟧ のテキストです        ⟦fg=#6c7086⟧│⟦/⟧
  ⟦fg=#6c7086⟧│⟦/⟧⟦bg=#272839⟧ emoji 👍 ⟦/⟧⟦fg=#6c7086⟧│⟦/⟧⟦bg=#272839⟧ ❤️ works              ⟦/⟧⟦fg=#6c7086⟧│⟦/⟧
  ⟦fg=#6c7086⟧╰──────────┴───────────────────────╯⟦/⟧

  ⟦bold⟧a⟦/⟧⟦fg=#6c7086⟧: ⟦/⟧one
  ⟦bold⟧b⟦/⟧⟦fg=#6c7086⟧: ⟦/⟧two
  ⟦bold⟧c⟦/⟧⟦fg=#6c7086⟧: ⟦/⟧three
  ⟦bold⟧d⟦/⟧⟦fg=#6c7086⟧: ⟦/⟧four
  ⟦bold⟧e⟦/⟧⟦fg=#6c7086⟧: ⟦/⟧five
  ⟦bold⟧f⟦/⟧⟦fg=#6c7086⟧: ⟦/⟧six
  ⟦bold⟧g⟦/⟧⟦fg=#6c7086⟧: ⟦/⟧seven

  ⟦fg=#6c7086⟧╭───────────────╮⟦/⟧
  ⟦fg=#6c7086⟧│⟦/⟧⟦bg=#2c2d3d bold⟧ Only a header ⟦/⟧⟦fg=#6c7086⟧│⟦/⟧
  ⟦fg=#6c7086⟧╰───────────────╯⟦/⟧

  ⟦fg=#6c7086⟧╭──────┬──────┬──────╮⟦/⟧
  ⟦fg=#6c7086⟧│⟦/⟧⟦bg=#2c2d3d bold⟧ Math ⟦/⟧⟦fg=#6c7086⟧│⟦/⟧⟦bg=#2c2d3d bold⟧ Link ⟦/⟧⟦fg=#6c7086⟧│⟦/⟧⟦bg=#2c2d3d bold⟧ Note ⟦/⟧⟦fg=#6c7086⟧│⟦/⟧
  ⟦fg=#6c7086⟧├──────┼──────┼──────┤⟦/⟧
  ⟦fg=#6c7086⟧│⟦/⟧ ⟦fg=#f38ba8 ul=curly ulc=#f38ba8⟧x^2⟦/⟧  ⟦fg=#6c7086⟧│⟦/⟧ ⟦fg=#89b4fa ul link 0⟧link⟦/⟧ ⟦fg=#6c7086⟧│⟦/⟧ ref⟦fg=#89b4fa link 1⟧¹⟦/⟧ ⟦fg=#6c7086⟧│⟦/⟧
  ⟦fg=#6c7086⟧╰──────┴──────┴──────╯⟦/⟧

  ⟦fg=#6c7086⟧╭──────────────────────────────────╮⟦/⟧
  ⟦fg=#6c7086⟧│⟦/⟧⟦bg=#2c2d3d bold⟧ Inline code with spaces          ⟦/⟧⟦fg=#6c7086⟧│⟦/⟧
  ⟦fg=#6c7086⟧├──────────────────────────────────┤⟦/⟧
  ⟦fg=#6c7086⟧│⟦/⟧ ⟦fg=#fab387 bg=#2c2d3d⟧ cargo build --release --locked ⟦/⟧ ⟦fg=#6c7086⟧│⟦/⟧
  ⟦fg=#6c7086⟧╰──────────────────────────────────╯⟦/⟧

  ⟦fg=#6c7086⟧── ⟦/⟧⟦fg=#a6adc8⟧Footnotes⟦/⟧⟦fg=#6c7086⟧ ───────────────────────⟦/⟧

  ⟦fg=#89b4fa⟧1.⟦/⟧ ⟦fg=#a6adc8⟧A footnote from a table.⟦/⟧⟦fg=#89b4fa link 1⟧ ↑⟦/⟧
━━ width 80 ━━━━━━━━━━━━━━━━━━━━━━━━━━━━━━━━━━━━━━━━━━━━━━━━━━━━━━━━━━━━━━━━━━━━
  ⟦fg=#6c7086⟧╭─────────────┬───────────┬───────┬─────────────╮⟦/⟧
  ⟦fg=#6c7086⟧│⟦/⟧⟦bg=#2c2d3d bold⟧ Left        ⟦/⟧⟦fg=#6c7086⟧│⟦/⟧⟦bg=#2c2d3d bold⟧  Center   ⟦/⟧⟦fg=#6c7086⟧│⟦/⟧⟦bg=#2c2d3d bold⟧ Right ⟦/⟧⟦fg=#6c7086⟧│⟦/⟧⟦bg=#2c2d3d bold⟧ None        ⟦/⟧⟦fg=#6c7086⟧│⟦/⟧
  ⟦fg=#6c7086⟧├─────────────┼───────────┼───────┼─────────────┤⟦/⟧
  ⟦fg=#6c7086⟧│⟦/⟧ a           ⟦fg=#6c7086⟧│⟦/⟧     b     ⟦fg=#6c7086⟧│⟦/⟧     c ⟦fg=#6c7086⟧│⟦/⟧ d           ⟦fg=#6c7086⟧│⟦/⟧
  ⟦fg=#6c7086⟧│⟦/⟧⟦bg=#272839⟧ longer cell ⟦/⟧⟦fg=#6c7086⟧│⟦/⟧⟦bg=#272839⟧ with ⟦/⟧⟦bg=#272839 bold⟧bold⟦/⟧⟦bg=#272839⟧ ⟦/⟧⟦fg=#6c7086⟧│⟦/⟧⟦bg=#272839⟧   123 ⟦/⟧⟦fg=#6c7086⟧│⟦/⟧⟦bg=#272839⟧ ⟦/⟧⟦fg=#fab387 bg=#2c2d3d⟧ code span ⟦/⟧⟦bg=#272839⟧ ⟦/⟧⟦fg=#6c7086⟧│⟦/⟧
  ⟦fg=#6c7086⟧╰─────────────┴───────────┴───────┴─────────────╯⟦/⟧

  ⟦fg=#6c7086⟧╭─────────────────────────────────────┬────────────────────────────────────╮⟦/⟧
  ⟦fg=#6c7086⟧│⟦/⟧⟦bg=#2c2d3d bold⟧ Wide                                ⟦/⟧⟦fg=#6c7086⟧│⟦/⟧⟦bg=#2c2d3d bold⟧ Table                              ⟦/⟧⟦fg=#6c7086⟧│⟦/⟧
  ⟦fg=#6c7086⟧├─────────────────────────────────────┼────────────────────────────────────┤⟦/⟧
  ⟦fg=#6c7086⟧│⟦/⟧ This cell has quite a lot of text   ⟦fg=#6c7086⟧│⟦/⟧ short                              ⟦fg=#6c7086⟧│⟦/⟧
  ⟦fg=#6c7086⟧│⟦/⟧ in it, enough to force wrapping     ⟦fg=#6c7086⟧│⟦/⟧                                    ⟦fg=#6c7086⟧│⟦/⟧
  ⟦fg=#6c7086⟧│⟦/⟧ even at eighty columns              ⟦fg=#6c7086⟧│⟦/⟧                                    ⟦fg=#6c7086⟧│⟦/⟧
  ⟦fg=#6c7086⟧│⟦/⟧⟦bg=#272839⟧ x                                   ⟦/⟧⟦fg=#6c7086⟧│⟦/⟧⟦bg=#272839⟧ Another long cell that should wrap ⟦/⟧⟦fg=#6c7086⟧│⟦/⟧
  ⟦fg=#6c7086⟧│⟦/⟧⟦bg=#272839⟧                                     ⟦/⟧⟦fg=#6c7086⟧│⟦/⟧⟦bg=#272839⟧ as well, because the table is      ⟦/⟧⟦fg=#6c7086⟧│⟦/⟧
  ⟦fg=#6c7086⟧│⟦/⟧⟦bg=#272839⟧                                     ⟦/⟧⟦fg=#6c7086⟧│⟦/⟧⟦bg=#272839⟧ wider than the terminal            ⟦/⟧⟦fg=#6c7086⟧│⟦/⟧
  ⟦fg=#6c7086⟧╰─────────────────────────────────────┴────────────────────────────────────╯⟦/⟧

  ⟦fg=#6c7086⟧╭──────────┬────────────────────────────────────╮⟦/⟧
  ⟦fg=#6c7086⟧│⟦/⟧⟦bg=#2c2d3d bold⟧ 名前     ⟦/⟧⟦fg=#6c7086⟧│⟦/⟧⟦bg=#2c2d3d bold⟧ 説明                               ⟦/⟧⟦fg=#6c7086⟧│⟦/⟧
  ⟦fg=#6c7086⟧├──────────┼────────────────────────────────────┤⟦/⟧
  ⟦fg=#6c7086⟧│⟦/⟧ 日本語   ⟦fg=#6c7086⟧│⟦/⟧ テーブルの中の日本語のテキストです ⟦fg=#6c7086⟧│⟦/⟧
  ⟦fg=#6c7086⟧│⟦/⟧⟦bg=#272839⟧ emoji 👍 ⟦/⟧⟦fg=#6c7086⟧│⟦/⟧⟦bg=#272839⟧ ❤️ works                           ⟦/⟧⟦fg=#6c7086⟧│⟦/⟧
  ⟦fg=#6c7086⟧╰──────────┴────────────────────────────────────╯⟦/⟧

  ⟦fg=#6c7086⟧╭─────┬─────┬───────┬──────┬──────┬─────┬───────╮⟦/⟧
  ⟦fg=#6c7086⟧│⟦/⟧⟦bg=#2c2d3d bold⟧ a   ⟦/⟧⟦fg=#6c7086⟧│⟦/⟧⟦bg=#2c2d3d bold⟧ b   ⟦/⟧⟦fg=#6c7086⟧│⟦/⟧⟦bg=#2c2d3d bold⟧ c     ⟦/⟧⟦fg=#6c7086⟧│⟦/⟧⟦bg=#2c2d3d bold⟧ d    ⟦/⟧⟦fg=#6c7086⟧│⟦/⟧⟦bg=#2c2d3d bold⟧ e    ⟦/⟧⟦fg=#6c7086⟧│⟦/⟧⟦bg=#2c2d3d bold⟧ f   ⟦/⟧⟦fg=#6c7086⟧│⟦/⟧⟦bg=#2c2d3d bold⟧ g     ⟦/⟧⟦fg=#6c7086⟧│⟦/⟧
  ⟦fg=#6c7086⟧├─────┼─────┼───────┼──────┼──────┼─────┼───────┤⟦/⟧
  ⟦fg=#6c7086⟧│⟦/⟧ one ⟦fg=#6c7086⟧│⟦/⟧ two ⟦fg=#6c7086⟧│⟦/⟧ three ⟦fg=#6c7086⟧│⟦/⟧ four ⟦fg=#6c7086⟧│⟦/⟧ five ⟦fg=#6c7086⟧│⟦/⟧ six ⟦fg=#6c7086⟧│⟦/⟧ seven ⟦fg=#6c7086⟧│⟦/⟧
  ⟦fg=#6c7086⟧╰─────┴─────┴───────┴──────┴──────┴─────┴───────╯⟦/⟧

  ⟦fg=#6c7086⟧╭───────────────╮⟦/⟧
  ⟦fg=#6c7086⟧│⟦/⟧⟦bg=#2c2d3d bold⟧ Only a header ⟦/⟧⟦fg=#6c7086⟧│⟦/⟧
  ⟦fg=#6c7086⟧╰───────────────╯⟦/⟧

  ⟦fg=#6c7086⟧╭──────┬──────┬──────╮⟦/⟧
  ⟦fg=#6c7086⟧│⟦/⟧⟦bg=#2c2d3d bold⟧ Math ⟦/⟧⟦fg=#6c7086⟧│⟦/⟧⟦bg=#2c2d3d bold⟧ Link ⟦/⟧⟦fg=#6c7086⟧│⟦/⟧⟦bg=#2c2d3d bold⟧ Note ⟦/⟧⟦fg=#6c7086⟧│⟦/⟧
  ⟦fg=#6c7086⟧├──────┼──────┼──────┤⟦/⟧
  ⟦fg=#6c7086⟧│⟦/⟧ ⟦fg=#f38ba8 ul=curly ulc=#f38ba8⟧x^2⟦/⟧  ⟦fg=#6c7086⟧│⟦/⟧ ⟦fg=#89b4fa ul link 0⟧link⟦/⟧ ⟦fg=#6c7086⟧│⟦/⟧ ref⟦fg=#89b4fa link 1⟧¹⟦/⟧ ⟦fg=#6c7086⟧│⟦/⟧
  ⟦fg=#6c7086⟧╰──────┴──────┴──────╯⟦/⟧

  ⟦fg=#6c7086⟧╭──────────────────────────────────╮⟦/⟧
  ⟦fg=#6c7086⟧│⟦/⟧⟦bg=#2c2d3d bold⟧ Inline code with spaces          ⟦/⟧⟦fg=#6c7086⟧│⟦/⟧
  ⟦fg=#6c7086⟧├──────────────────────────────────┤⟦/⟧
  ⟦fg=#6c7086⟧│⟦/⟧ ⟦fg=#fab387 bg=#2c2d3d⟧ cargo build --release --locked ⟦/⟧ ⟦fg=#6c7086⟧│⟦/⟧
  ⟦fg=#6c7086⟧╰──────────────────────────────────╯⟦/⟧

  ⟦fg=#6c7086⟧── ⟦/⟧⟦fg=#a6adc8⟧Footnotes⟦/⟧⟦fg=#6c7086⟧ ───────────────────────────────────────────────────────────────⟦/⟧

  ⟦fg=#89b4fa⟧1.⟦/⟧ ⟦fg=#a6adc8⟧A footnote from a table.⟦/⟧⟦fg=#89b4fa link 1⟧ ↑⟦/⟧
━━ width 120 ━━━━━━━━━━━━━━━━━━━━━━━━━━━━━━━━━━━━━━━━━━━━━━━━━━━━━━━━━━━━━━━━━━━━━━━━━━━━━━━━━━━━━━━━━━━━━━━━━━━━━━━━━━━
          ⟦fg=#6c7086⟧╭─────────────┬───────────┬───────┬─────────────╮⟦/⟧
          ⟦fg=#6c7086⟧│⟦/⟧⟦bg=#2c2d3d bold⟧ Left        ⟦/⟧⟦fg=#6c7086⟧│⟦/⟧⟦bg=#2c2d3d bold⟧  Center   ⟦/⟧⟦fg=#6c7086⟧│⟦/⟧⟦bg=#2c2d3d bold⟧ Right ⟦/⟧⟦fg=#6c7086⟧│⟦/⟧⟦bg=#2c2d3d bold⟧ None        ⟦/⟧⟦fg=#6c7086⟧│⟦/⟧
          ⟦fg=#6c7086⟧├─────────────┼───────────┼───────┼─────────────┤⟦/⟧
          ⟦fg=#6c7086⟧│⟦/⟧ a           ⟦fg=#6c7086⟧│⟦/⟧     b     ⟦fg=#6c7086⟧│⟦/⟧     c ⟦fg=#6c7086⟧│⟦/⟧ d           ⟦fg=#6c7086⟧│⟦/⟧
          ⟦fg=#6c7086⟧│⟦/⟧⟦bg=#272839⟧ longer cell ⟦/⟧⟦fg=#6c7086⟧│⟦/⟧⟦bg=#272839⟧ with ⟦/⟧⟦bg=#272839 bold⟧bold⟦/⟧⟦bg=#272839⟧ ⟦/⟧⟦fg=#6c7086⟧│⟦/⟧⟦bg=#272839⟧   123 ⟦/⟧⟦fg=#6c7086⟧│⟦/⟧⟦bg=#272839⟧ ⟦/⟧⟦fg=#fab387 bg=#2c2d3d⟧ code span ⟦/⟧⟦bg=#272839⟧ ⟦/⟧⟦fg=#6c7086⟧│⟦/⟧
          ⟦fg=#6c7086⟧╰─────────────┴───────────┴───────┴─────────────╯⟦/⟧

          ⟦fg=#6c7086⟧╭─────────────────────────────────────────────────┬────────────────────────────────────────────────╮⟦/⟧
          ⟦fg=#6c7086⟧│⟦/⟧⟦bg=#2c2d3d bold⟧ Wide                                            ⟦/⟧⟦fg=#6c7086⟧│⟦/⟧⟦bg=#2c2d3d bold⟧ Table                                          ⟦/⟧⟦fg=#6c7086⟧│⟦/⟧
          ⟦fg=#6c7086⟧├─────────────────────────────────────────────────┼────────────────────────────────────────────────┤⟦/⟧
          ⟦fg=#6c7086⟧│⟦/⟧ This cell has quite a lot of text in it, enough ⟦fg=#6c7086⟧│⟦/⟧ short                                          ⟦fg=#6c7086⟧│⟦/⟧
          ⟦fg=#6c7086⟧│⟦/⟧ to force wrapping even at eighty columns        ⟦fg=#6c7086⟧│⟦/⟧                                                ⟦fg=#6c7086⟧│⟦/⟧
          ⟦fg=#6c7086⟧│⟦/⟧⟦bg=#272839⟧ x                                               ⟦/⟧⟦fg=#6c7086⟧│⟦/⟧⟦bg=#272839⟧ Another long cell that should wrap as well,    ⟦/⟧⟦fg=#6c7086⟧│⟦/⟧
          ⟦fg=#6c7086⟧│⟦/⟧⟦bg=#272839⟧                                                 ⟦/⟧⟦fg=#6c7086⟧│⟦/⟧⟦bg=#272839⟧ because the table is wider than the terminal   ⟦/⟧⟦fg=#6c7086⟧│⟦/⟧
          ⟦fg=#6c7086⟧╰─────────────────────────────────────────────────┴────────────────────────────────────────────────╯⟦/⟧

          ⟦fg=#6c7086⟧╭──────────┬────────────────────────────────────╮⟦/⟧
          ⟦fg=#6c7086⟧│⟦/⟧⟦bg=#2c2d3d bold⟧ 名前     ⟦/⟧⟦fg=#6c7086⟧│⟦/⟧⟦bg=#2c2d3d bold⟧ 説明                               ⟦/⟧⟦fg=#6c7086⟧│⟦/⟧
          ⟦fg=#6c7086⟧├──────────┼────────────────────────────────────┤⟦/⟧
          ⟦fg=#6c7086⟧│⟦/⟧ 日本語   ⟦fg=#6c7086⟧│⟦/⟧ テーブルの中の日本語のテキストです ⟦fg=#6c7086⟧│⟦/⟧
          ⟦fg=#6c7086⟧│⟦/⟧⟦bg=#272839⟧ emoji 👍 ⟦/⟧⟦fg=#6c7086⟧│⟦/⟧⟦bg=#272839⟧ ❤️ works                           ⟦/⟧⟦fg=#6c7086⟧│⟦/⟧
          ⟦fg=#6c7086⟧╰──────────┴────────────────────────────────────╯⟦/⟧

          ⟦fg=#6c7086⟧╭─────┬─────┬───────┬──────┬──────┬─────┬───────╮⟦/⟧
          ⟦fg=#6c7086⟧│⟦/⟧⟦bg=#2c2d3d bold⟧ a   ⟦/⟧⟦fg=#6c7086⟧│⟦/⟧⟦bg=#2c2d3d bold⟧ b   ⟦/⟧⟦fg=#6c7086⟧│⟦/⟧⟦bg=#2c2d3d bold⟧ c     ⟦/⟧⟦fg=#6c7086⟧│⟦/⟧⟦bg=#2c2d3d bold⟧ d    ⟦/⟧⟦fg=#6c7086⟧│⟦/⟧⟦bg=#2c2d3d bold⟧ e    ⟦/⟧⟦fg=#6c7086⟧│⟦/⟧⟦bg=#2c2d3d bold⟧ f   ⟦/⟧⟦fg=#6c7086⟧│⟦/⟧⟦bg=#2c2d3d bold⟧ g     ⟦/⟧⟦fg=#6c7086⟧│⟦/⟧
          ⟦fg=#6c7086⟧├─────┼─────┼───────┼──────┼──────┼─────┼───────┤⟦/⟧
          ⟦fg=#6c7086⟧│⟦/⟧ one ⟦fg=#6c7086⟧│⟦/⟧ two ⟦fg=#6c7086⟧│⟦/⟧ three ⟦fg=#6c7086⟧│⟦/⟧ four ⟦fg=#6c7086⟧│⟦/⟧ five ⟦fg=#6c7086⟧│⟦/⟧ six ⟦fg=#6c7086⟧│⟦/⟧ seven ⟦fg=#6c7086⟧│⟦/⟧
          ⟦fg=#6c7086⟧╰─────┴─────┴───────┴──────┴──────┴─────┴───────╯⟦/⟧

          ⟦fg=#6c7086⟧╭───────────────╮⟦/⟧
          ⟦fg=#6c7086⟧│⟦/⟧⟦bg=#2c2d3d bold⟧ Only a header ⟦/⟧⟦fg=#6c7086⟧│⟦/⟧
          ⟦fg=#6c7086⟧╰───────────────╯⟦/⟧

          ⟦fg=#6c7086⟧╭──────┬──────┬──────╮⟦/⟧
          ⟦fg=#6c7086⟧│⟦/⟧⟦bg=#2c2d3d bold⟧ Math ⟦/⟧⟦fg=#6c7086⟧│⟦/⟧⟦bg=#2c2d3d bold⟧ Link ⟦/⟧⟦fg=#6c7086⟧│⟦/⟧⟦bg=#2c2d3d bold⟧ Note ⟦/⟧⟦fg=#6c7086⟧│⟦/⟧
          ⟦fg=#6c7086⟧├──────┼──────┼──────┤⟦/⟧
          ⟦fg=#6c7086⟧│⟦/⟧ ⟦fg=#f38ba8 ul=curly ulc=#f38ba8⟧x^2⟦/⟧  ⟦fg=#6c7086⟧│⟦/⟧ ⟦fg=#89b4fa ul link 0⟧link⟦/⟧ ⟦fg=#6c7086⟧│⟦/⟧ ref⟦fg=#89b4fa link 1⟧¹⟦/⟧ ⟦fg=#6c7086⟧│⟦/⟧
          ⟦fg=#6c7086⟧╰──────┴──────┴──────╯⟦/⟧

          ⟦fg=#6c7086⟧╭──────────────────────────────────╮⟦/⟧
          ⟦fg=#6c7086⟧│⟦/⟧⟦bg=#2c2d3d bold⟧ Inline code with spaces          ⟦/⟧⟦fg=#6c7086⟧│⟦/⟧
          ⟦fg=#6c7086⟧├──────────────────────────────────┤⟦/⟧
          ⟦fg=#6c7086⟧│⟦/⟧ ⟦fg=#fab387 bg=#2c2d3d⟧ cargo build --release --locked ⟦/⟧ ⟦fg=#6c7086⟧│⟦/⟧
          ⟦fg=#6c7086⟧╰──────────────────────────────────╯⟦/⟧

          ⟦fg=#6c7086⟧── ⟦/⟧⟦fg=#a6adc8⟧Footnotes⟦/⟧⟦fg=#6c7086⟧ ───────────────────────────────────────────────────────────────────────────────────────⟦/⟧

          ⟦fg=#89b4fa⟧1.⟦/⟧ ⟦fg=#a6adc8⟧A footnote from a table.⟦/⟧⟦fg=#89b4fa link 1⟧ ↑⟦/⟧
