---
source: tests/layout_snapshots.rs
expression: "styled(\"llm-math\", & Caps :: full(), & WIDTHS)"
---
━━ width 24 ━━━━━━━━━━━━
  ⟦grad #89b4fa→#cba6f7 0..20⟧⟦fg=#1e1e2e bold⟧ Quadratic⟦/⟧⟦/grad⟧
  ⟦grad #89b4fa→#cba6f7 0..20⟧⟦fg=#1e1e2e bold⟧ equations⟦/⟧⟦/grad⟧

  The solutions of
  ⟦fg=#94e2d5 italic⟧ax⟦/⟧⟦fg=#94e2d5⟧² + ⟦/⟧⟦fg=#94e2d5 italic⟧bx⟦/⟧⟦fg=#94e2d5⟧ + ⟦/⟧⟦fg=#94e2d5 italic⟧c⟦/⟧⟦fg=#94e2d5⟧ = 0⟦/⟧ are
  given by

     ⟦fg=#94e2d5⟧        ▁▁▁▁▁▁⟦/⟧
     ⟦fg=#94e2d5⟧    −⟦/⟧⟦fg=#94e2d5 italic⟧b⟦/⟧⟦fg=#94e2d5⟧±√⟦/⟧⟦fg=#94e2d5 italic⟧b⟦/⟧⟦fg=#94e2d5⟧²−4⟦/⟧⟦fg=#94e2d5 italic⟧ac⟦/⟧
     ⟦fg=#94e2d5 italic⟧x⟦/⟧⟦fg=#94e2d5⟧ = ──────────⟦/⟧
     ⟦fg=#94e2d5⟧        2⟦/⟧⟦fg=#94e2d5 italic⟧a⟦/⟧

  where ⟦fg=#94e2d5 italic⟧a⟦/⟧⟦fg=#94e2d5⟧ ≠ 0⟦/⟧. The
  discriminant ⟦fg=#94e2d5⟧Δ =⟦/⟧
  ⟦fg=#94e2d5 italic⟧b⟦/⟧⟦fg=#94e2d5⟧² − 4⟦/⟧⟦fg=#94e2d5 italic⟧ac⟦/⟧ decides:

  ⟦fg=#89b4fa⟧1.⟦/⟧ If ⟦fg=#94e2d5⟧Δ > 0⟦/⟧, there
     are two real
     roots ⟦fg=#94e2d5 italic⟧x⟦/⟧⟦fg=#94e2d5⟧₁⟦/⟧ and ⟦fg=#94e2d5 italic⟧x⟦/⟧⟦fg=#94e2d5⟧₂⟦/⟧.
  ⟦fg=#89b4fa⟧2.⟦/⟧ If ⟦fg=#94e2d5⟧Δ = 0⟦/⟧, there
     is one root ⟦fg=#94e2d5 italic⟧x⟦/⟧⟦fg=#94e2d5⟧ =⟦/⟧
     ⟦fg=#94e2d5⟧−⟦/⟧⟦fg=#94e2d5 italic⟧b⟦/⟧⟦fg=#94e2d5⟧/2⟦/⟧⟦fg=#94e2d5 italic⟧a⟦/⟧.
  ⟦fg=#89b4fa⟧3.⟦/⟧ If ⟦fg=#94e2d5⟧Δ < 0⟦/⟧, the
     roots are
     complex.

  Subscripts that look
  like emphasis: ⟦fg=#94e2d5 italic⟧x⟦/⟧⟦fg=#94e2d5⟧₁²⟦/⟧
  and ⟦fg=#94e2d5 italic⟧y⟦/⟧⟦fg=#94e2d5⟧₃²⟦/⟧.

  GitHub style:
  ⟦fg=#94e2d5⟧√(⟦/⟧⟦fg=#94e2d5 italic⟧x⟦/⟧⟦fg=#94e2d5⟧²+1)⟦/⟧ and dollars:
  ⟦fg=#94e2d5 italic⟧E⟦/⟧⟦fg=#94e2d5⟧ = ⟦/⟧⟦fg=#94e2d5 italic⟧mc⟦/⟧⟦fg=#94e2d5⟧²⟦/⟧.

  Prices stay prose:
  it costs $5 and $10,
  or $5-$10.

  ⟦fg=#6c7086⟧▎⟦/⟧ ⟦fg=#a6adc8⟧Inside a quote:⟦/⟧
  ⟦fg=#6c7086⟧▎⟦/⟧
  ⟦fg=#6c7086⟧▎⟦/⟧  ⟦fg=#94e2d5⟧⌠∞  −⟦/⟧⟦fg=#94e2d5 italic⟧x⟦/⟧⟦fg=#94e2d5⟧²      √⟦/⟧⟦fg=#94e2d5 italic⟧π⟦/⟧
  ⟦fg=#6c7086⟧▎⟦/⟧  ⟦fg=#94e2d5⟧⎮  ⟦/⟧⟦fg=#94e2d5 italic⟧e⟦/⟧⟦fg=#94e2d5⟧    ⟦/⟧⟦fg=#94e2d5 italic⟧dx⟦/⟧⟦fg=#94e2d5⟧ = ──⟦/⟧
  ⟦fg=#6c7086⟧▎⟦/⟧  ⟦fg=#94e2d5⟧⌡0           2⟦/⟧

  Code keeps
  delimiters:
  ⟦fg=#fab387 bg=#2c2d3d⟧ \(not math\) ⟦/⟧.

  An aligned block:

       ⟦fg=#94e2d5⟧ ⟦/⟧⟦fg=#94e2d5 italic⟧f⟦/⟧⟦fg=#94e2d5⟧(⟦/⟧⟦fg=#94e2d5 italic⟧x⟦/⟧⟦fg=#94e2d5⟧) = ⟦/⟧⟦fg=#94e2d5 italic⟧x⟦/⟧⟦fg=#94e2d5⟧²⟦/⟧
       ⟦fg=#94e2d5 italic⟧f⟦/⟧⟦fg=#94e2d5⟧′(⟦/⟧⟦fg=#94e2d5 italic⟧x⟦/⟧⟦fg=#94e2d5⟧) = 2⟦/⟧⟦fg=#94e2d5 italic⟧x⟦/⟧
━━ width 40 ━━━━━━━━━━━━━━━━━━━━━━━━━━━━
  ⟦grad #89b4fa→#cba6f7 0..36⟧⟦fg=#1e1e2e bold⟧ Quadratic equations⟦/⟧⟦/grad⟧

  The solutions of ⟦fg=#94e2d5 italic⟧ax⟦/⟧⟦fg=#94e2d5⟧² + ⟦/⟧⟦fg=#94e2d5 italic⟧bx⟦/⟧⟦fg=#94e2d5⟧ + ⟦/⟧⟦fg=#94e2d5 italic⟧c⟦/⟧⟦fg=#94e2d5⟧ = 0⟦/⟧
  are given by

             ⟦fg=#94e2d5⟧        ▁▁▁▁▁▁⟦/⟧
             ⟦fg=#94e2d5⟧    −⟦/⟧⟦fg=#94e2d5 italic⟧b⟦/⟧⟦fg=#94e2d5⟧±√⟦/⟧⟦fg=#94e2d5 italic⟧b⟦/⟧⟦fg=#94e2d5⟧²−4⟦/⟧⟦fg=#94e2d5 italic⟧ac⟦/⟧
             ⟦fg=#94e2d5 italic⟧x⟦/⟧⟦fg=#94e2d5⟧ = ──────────⟦/⟧
             ⟦fg=#94e2d5⟧        2⟦/⟧⟦fg=#94e2d5 italic⟧a⟦/⟧

  where ⟦fg=#94e2d5 italic⟧a⟦/⟧⟦fg=#94e2d5⟧ ≠ 0⟦/⟧. The discriminant ⟦fg=#94e2d5⟧Δ =⟦/⟧
  ⟦fg=#94e2d5 italic⟧b⟦/⟧⟦fg=#94e2d5⟧² − 4⟦/⟧⟦fg=#94e2d5 italic⟧ac⟦/⟧ decides:

  ⟦fg=#89b4fa⟧1.⟦/⟧ If ⟦fg=#94e2d5⟧Δ > 0⟦/⟧, there are two real
     roots ⟦fg=#94e2d5 italic⟧x⟦/⟧⟦fg=#94e2d5⟧₁⟦/⟧ and ⟦fg=#94e2d5 italic⟧x⟦/⟧⟦fg=#94e2d5⟧₂⟦/⟧.
  ⟦fg=#89b4fa⟧2.⟦/⟧ If ⟦fg=#94e2d5⟧Δ = 0⟦/⟧, there is one root ⟦fg=#94e2d5 italic⟧x⟦/⟧⟦fg=#94e2d5⟧ =⟦/⟧
     ⟦fg=#94e2d5⟧−⟦/⟧⟦fg=#94e2d5 italic⟧b⟦/⟧⟦fg=#94e2d5⟧/2⟦/⟧⟦fg=#94e2d5 italic⟧a⟦/⟧.
  ⟦fg=#89b4fa⟧3.⟦/⟧ If ⟦fg=#94e2d5⟧Δ < 0⟦/⟧, the roots are complex.

  Subscripts that look like emphasis:
  ⟦fg=#94e2d5 italic⟧x⟦/⟧⟦fg=#94e2d5⟧₁²⟦/⟧ and ⟦fg=#94e2d5 italic⟧y⟦/⟧⟦fg=#94e2d5⟧₃²⟦/⟧.

  GitHub style: ⟦fg=#94e2d5⟧√(⟦/⟧⟦fg=#94e2d5 italic⟧x⟦/⟧⟦fg=#94e2d5⟧²+1)⟦/⟧ and dollars:
  ⟦fg=#94e2d5 italic⟧E⟦/⟧⟦fg=#94e2d5⟧ = ⟦/⟧⟦fg=#94e2d5 italic⟧mc⟦/⟧⟦fg=#94e2d5⟧²⟦/⟧.

  Prices stay prose: it costs $5 and
  $10, or $5-$10.

  ⟦fg=#6c7086⟧▎⟦/⟧ ⟦fg=#a6adc8⟧Inside a quote:⟦/⟧
  ⟦fg=#6c7086⟧▎⟦/⟧
  ⟦fg=#6c7086⟧▎⟦/⟧          ⟦fg=#94e2d5⟧⌠∞  −⟦/⟧⟦fg=#94e2d5 italic⟧x⟦/⟧⟦fg=#94e2d5⟧²      √⟦/⟧⟦fg=#94e2d5 italic⟧π⟦/⟧
  ⟦fg=#6c7086⟧▎⟦/⟧          ⟦fg=#94e2d5⟧⎮  ⟦/⟧⟦fg=#94e2d5 italic⟧e⟦/⟧⟦fg=#94e2d5⟧    ⟦/⟧⟦fg=#94e2d5 italic⟧dx⟦/⟧⟦fg=#94e2d5⟧ = ──⟦/⟧
  ⟦fg=#6c7086⟧▎⟦/⟧          ⟦fg=#94e2d5⟧⌡0           2⟦/⟧

  Code keeps delimiters:
  ⟦fg=#fab387 bg=#2c2d3d⟧ \(not math\) ⟦/⟧.

  An aligned block:

               ⟦fg=#94e2d5⟧ ⟦/⟧⟦fg=#94e2d5 italic⟧f⟦/⟧⟦fg=#94e2d5⟧(⟦/⟧⟦fg=#94e2d5 italic⟧x⟦/⟧⟦fg=#94e2d5⟧) = ⟦/⟧⟦fg=#94e2d5 italic⟧x⟦/⟧⟦fg=#94e2d5⟧²⟦/⟧
               ⟦fg=#94e2d5 italic⟧f⟦/⟧⟦fg=#94e2d5⟧′(⟦/⟧⟦fg=#94e2d5 italic⟧x⟦/⟧⟦fg=#94e2d5⟧) = 2⟦/⟧⟦fg=#94e2d5 italic⟧x⟦/⟧
━━ width 80 ━━━━━━━━━━━━━━━━━━━━━━━━━━━━━━━━━━━━━━━━━━━━━━━━━━━━━━━━━━━━━━━━━━━━
  ⟦grad #89b4fa→#cba6f7 0..76⟧⟦fg=#1e1e2e bold⟧ Quadratic equations⟦/⟧⟦/grad⟧

  The solutions of ⟦fg=#94e2d5 italic⟧ax⟦/⟧⟦fg=#94e2d5⟧² + ⟦/⟧⟦fg=#94e2d5 italic⟧bx⟦/⟧⟦fg=#94e2d5⟧ + ⟦/⟧⟦fg=#94e2d5 italic⟧c⟦/⟧⟦fg=#94e2d5⟧ = 0⟦/⟧ are given by

                                 ⟦fg=#94e2d5⟧        ▁▁▁▁▁▁⟦/⟧
                                 ⟦fg=#94e2d5⟧    −⟦/⟧⟦fg=#94e2d5 italic⟧b⟦/⟧⟦fg=#94e2d5⟧±√⟦/⟧⟦fg=#94e2d5 italic⟧b⟦/⟧⟦fg=#94e2d5⟧²−4⟦/⟧⟦fg=#94e2d5 italic⟧ac⟦/⟧
                                 ⟦fg=#94e2d5 italic⟧x⟦/⟧⟦fg=#94e2d5⟧ = ──────────⟦/⟧
                                 ⟦fg=#94e2d5⟧        2⟦/⟧⟦fg=#94e2d5 italic⟧a⟦/⟧

  where ⟦fg=#94e2d5 italic⟧a⟦/⟧⟦fg=#94e2d5⟧ ≠ 0⟦/⟧. The discriminant ⟦fg=#94e2d5⟧Δ = ⟦/⟧⟦fg=#94e2d5 italic⟧b⟦/⟧⟦fg=#94e2d5⟧² − 4⟦/⟧⟦fg=#94e2d5 italic⟧ac⟦/⟧ decides:

  ⟦fg=#89b4fa⟧1.⟦/⟧ If ⟦fg=#94e2d5⟧Δ > 0⟦/⟧, there are two real roots ⟦fg=#94e2d5 italic⟧x⟦/⟧⟦fg=#94e2d5⟧₁⟦/⟧ and ⟦fg=#94e2d5 italic⟧x⟦/⟧⟦fg=#94e2d5⟧₂⟦/⟧.
  ⟦fg=#89b4fa⟧2.⟦/⟧ If ⟦fg=#94e2d5⟧Δ = 0⟦/⟧, there is one root ⟦fg=#94e2d5 italic⟧x⟦/⟧⟦fg=#94e2d5⟧ = −⟦/⟧⟦fg=#94e2d5 italic⟧b⟦/⟧⟦fg=#94e2d5⟧/2⟦/⟧⟦fg=#94e2d5 italic⟧a⟦/⟧.
  ⟦fg=#89b4fa⟧3.⟦/⟧ If ⟦fg=#94e2d5⟧Δ < 0⟦/⟧, the roots are complex.

  Subscripts that look like emphasis: ⟦fg=#94e2d5 italic⟧x⟦/⟧⟦fg=#94e2d5⟧₁²⟦/⟧ and ⟦fg=#94e2d5 italic⟧y⟦/⟧⟦fg=#94e2d5⟧₃²⟦/⟧.

  GitHub style: ⟦fg=#94e2d5⟧√(⟦/⟧⟦fg=#94e2d5 italic⟧x⟦/⟧⟦fg=#94e2d5⟧²+1)⟦/⟧ and dollars: ⟦fg=#94e2d5 italic⟧E⟦/⟧⟦fg=#94e2d5⟧ = ⟦/⟧⟦fg=#94e2d5 italic⟧mc⟦/⟧⟦fg=#94e2d5⟧²⟦/⟧.

  Prices stay prose: it costs $5 and $10, or $5-$10.

  ⟦fg=#6c7086⟧▎⟦/⟧ ⟦fg=#a6adc8⟧Inside a quote:⟦/⟧
  ⟦fg=#6c7086⟧▎⟦/⟧
  ⟦fg=#6c7086⟧▎⟦/⟧                              ⟦fg=#94e2d5⟧⌠∞  −⟦/⟧⟦fg=#94e2d5 italic⟧x⟦/⟧⟦fg=#94e2d5⟧²      √⟦/⟧⟦fg=#94e2d5 italic⟧π⟦/⟧
  ⟦fg=#6c7086⟧▎⟦/⟧                              ⟦fg=#94e2d5⟧⎮  ⟦/⟧⟦fg=#94e2d5 italic⟧e⟦/⟧⟦fg=#94e2d5⟧    ⟦/⟧⟦fg=#94e2d5 italic⟧dx⟦/⟧⟦fg=#94e2d5⟧ = ──⟦/⟧
  ⟦fg=#6c7086⟧▎⟦/⟧                              ⟦fg=#94e2d5⟧⌡0           2⟦/⟧

  Code keeps delimiters: ⟦fg=#fab387 bg=#2c2d3d⟧ \(not math\) ⟦/⟧.

  An aligned block:

                                   ⟦fg=#94e2d5⟧ ⟦/⟧⟦fg=#94e2d5 italic⟧f⟦/⟧⟦fg=#94e2d5⟧(⟦/⟧⟦fg=#94e2d5 italic⟧x⟦/⟧⟦fg=#94e2d5⟧) = ⟦/⟧⟦fg=#94e2d5 italic⟧x⟦/⟧⟦fg=#94e2d5⟧²⟦/⟧
                                   ⟦fg=#94e2d5 italic⟧f⟦/⟧⟦fg=#94e2d5⟧′(⟦/⟧⟦fg=#94e2d5 italic⟧x⟦/⟧⟦fg=#94e2d5⟧) = 2⟦/⟧⟦fg=#94e2d5 italic⟧x⟦/⟧
━━ width 120 ━━━━━━━━━━━━━━━━━━━━━━━━━━━━━━━━━━━━━━━━━━━━━━━━━━━━━━━━━━━━━━━━━━━━━━━━━━━━━━━━━━━━━━━━━━━━━━━━━━━━━━━━━━━
          ⟦grad #89b4fa→#cba6f7 0..100⟧⟦fg=#1e1e2e bold⟧ Quadratic equations⟦/⟧⟦/grad⟧

          The solutions of ⟦fg=#94e2d5 italic⟧ax⟦/⟧⟦fg=#94e2d5⟧² + ⟦/⟧⟦fg=#94e2d5 italic⟧bx⟦/⟧⟦fg=#94e2d5⟧ + ⟦/⟧⟦fg=#94e2d5 italic⟧c⟦/⟧⟦fg=#94e2d5⟧ = 0⟦/⟧ are given by

                                                     ⟦fg=#94e2d5⟧        ▁▁▁▁▁▁⟦/⟧
                                                     ⟦fg=#94e2d5⟧    −⟦/⟧⟦fg=#94e2d5 italic⟧b⟦/⟧⟦fg=#94e2d5⟧±√⟦/⟧⟦fg=#94e2d5 italic⟧b⟦/⟧⟦fg=#94e2d5⟧²−4⟦/⟧⟦fg=#94e2d5 italic⟧ac⟦/⟧
                                                     ⟦fg=#94e2d5 italic⟧x⟦/⟧⟦fg=#94e2d5⟧ = ──────────⟦/⟧
                                                     ⟦fg=#94e2d5⟧        2⟦/⟧⟦fg=#94e2d5 italic⟧a⟦/⟧

          where ⟦fg=#94e2d5 italic⟧a⟦/⟧⟦fg=#94e2d5⟧ ≠ 0⟦/⟧. The discriminant ⟦fg=#94e2d5⟧Δ = ⟦/⟧⟦fg=#94e2d5 italic⟧b⟦/⟧⟦fg=#94e2d5⟧² − 4⟦/⟧⟦fg=#94e2d5 italic⟧ac⟦/⟧ decides:

          ⟦fg=#89b4fa⟧1.⟦/⟧ If ⟦fg=#94e2d5⟧Δ > 0⟦/⟧, there are two real roots ⟦fg=#94e2d5 italic⟧x⟦/⟧⟦fg=#94e2d5⟧₁⟦/⟧ and ⟦fg=#94e2d5 italic⟧x⟦/⟧⟦fg=#94e2d5⟧₂⟦/⟧.
          ⟦fg=#89b4fa⟧2.⟦/⟧ If ⟦fg=#94e2d5⟧Δ = 0⟦/⟧, there is one root ⟦fg=#94e2d5 italic⟧x⟦/⟧⟦fg=#94e2d5⟧ = −⟦/⟧⟦fg=#94e2d5 italic⟧b⟦/⟧⟦fg=#94e2d5⟧/2⟦/⟧⟦fg=#94e2d5 italic⟧a⟦/⟧.
          ⟦fg=#89b4fa⟧3.⟦/⟧ If ⟦fg=#94e2d5⟧Δ < 0⟦/⟧, the roots are complex.

          Subscripts that look like emphasis: ⟦fg=#94e2d5 italic⟧x⟦/⟧⟦fg=#94e2d5⟧₁²⟦/⟧ and ⟦fg=#94e2d5 italic⟧y⟦/⟧⟦fg=#94e2d5⟧₃²⟦/⟧.

          GitHub style: ⟦fg=#94e2d5⟧√(⟦/⟧⟦fg=#94e2d5 italic⟧x⟦/⟧⟦fg=#94e2d5⟧²+1)⟦/⟧ and dollars: ⟦fg=#94e2d5 italic⟧E⟦/⟧⟦fg=#94e2d5⟧ = ⟦/⟧⟦fg=#94e2d5 italic⟧mc⟦/⟧⟦fg=#94e2d5⟧²⟦/⟧.

          Prices stay prose: it costs $5 and $10, or $5-$10.

          ⟦fg=#6c7086⟧▎⟦/⟧ ⟦fg=#a6adc8⟧Inside a quote:⟦/⟧
          ⟦fg=#6c7086⟧▎⟦/⟧
          ⟦fg=#6c7086⟧▎⟦/⟧                                          ⟦fg=#94e2d5⟧⌠∞  −⟦/⟧⟦fg=#94e2d5 italic⟧x⟦/⟧⟦fg=#94e2d5⟧²      √⟦/⟧⟦fg=#94e2d5 italic⟧π⟦/⟧
          ⟦fg=#6c7086⟧▎⟦/⟧                                          ⟦fg=#94e2d5⟧⎮  ⟦/⟧⟦fg=#94e2d5 italic⟧e⟦/⟧⟦fg=#94e2d5⟧    ⟦/⟧⟦fg=#94e2d5 italic⟧dx⟦/⟧⟦fg=#94e2d5⟧ = ──⟦/⟧
          ⟦fg=#6c7086⟧▎⟦/⟧                                          ⟦fg=#94e2d5⟧⌡0           2⟦/⟧

          Code keeps delimiters: ⟦fg=#fab387 bg=#2c2d3d⟧ \(not math\) ⟦/⟧.

          An aligned block:

                                                       ⟦fg=#94e2d5⟧ ⟦/⟧⟦fg=#94e2d5 italic⟧f⟦/⟧⟦fg=#94e2d5⟧(⟦/⟧⟦fg=#94e2d5 italic⟧x⟦/⟧⟦fg=#94e2d5⟧) = ⟦/⟧⟦fg=#94e2d5 italic⟧x⟦/⟧⟦fg=#94e2d5⟧²⟦/⟧
                                                       ⟦fg=#94e2d5 italic⟧f⟦/⟧⟦fg=#94e2d5⟧′(⟦/⟧⟦fg=#94e2d5 italic⟧x⟦/⟧⟦fg=#94e2d5⟧) = 2⟦/⟧⟦fg=#94e2d5 italic⟧x⟦/⟧
